# LOCAL Tempo dev L1 (chain 42431, T11) - submitBatch carrying a real SP1 Groth16 proof, tx 0x63c2c1cf...2f05, block 1797
CALL 0xf39fd6e5->0x0000000000000000000000000000000000000000 input=0x gasUsed=1561412 
  CALL 0xf39fd6e5->0x9fe46736679d2d9a65f0992f2272de9f3c7fa6e0 input=0x4cd6c7c7 gasUsed=1280688 
    STATICCALL 0x9fe46736->0x0000f90827f1c53a10cb7a02335b175320002935 input=0x00000000 gasUsed=2225 
    STATICCALL 0x9fe46736->0x5165300000000000000000000000000000000000 input=0x19045a25 gasUsed=3210 
    STATICCALL 0x9fe46736->0xe7f1725e7734ce288f8367e1bb143e90bb3f0512 input=0xebb2ddc9 gasUsed=225764 
      STATICCALL 0xe7f1725e->0x5fbdb2315678afecb367f032d93f642f64180aa3 input=0x41493c60 gasUsed=217482 
        STATICCALL 0x5fbdb231->0x0000000000000000000000000000000000000002 input=0x6fa12767 gasUsed=84 
        STATICCALL 0x5fbdb231->0x5fbdb2315678afecb367f032d93f642f64180aa3 input=0x2a07d99a gasUsed=214004 
          STATICCALL 0x5fbdb231->0x0000000000000000000000000000000000000007 input=0x0f5460f3 gasUsed=6000 
          STATICCALL 0x5fbdb231->0x0000000000000000000000000000000000000006 input=0x2cd6bf7f gasUsed=150 
          STATICCALL 0x5fbdb231->0x0000000000000000000000000000000000000007 input=0x0b0ae6e4 gasUsed=6000 
          STATICCALL 0x5fbdb231->0x0000000000000000000000000000000000000006 input=0x1a527c3e gasUsed=150 
          STATICCALL 0x5fbdb231->0x0000000000000000000000000000000000000007 input=0x097c875a gasUsed=6000 
          STATICCALL 0x5fbdb231->0x0000000000000000000000000000000000000006 input=0x11eb4a66 gasUsed=150 
          STATICCALL 0x5fbdb231->0x0000000000000000000000000000000000000007 input=0x1807204d gasUsed=6000 
          STATICCALL 0x5fbdb231->0x0000000000000000000000000000000000000006 input=0x11eb4a66 gasUsed=150 
          STATICCALL 0x5fbdb231->0x0000000000000000000000000000000000000007 input=0x008c7b7c gasUsed=6000 
          STATICCALL 0x5fbdb231->0x0000000000000000000000000000000000000006 input=0x2a9e3a93 gasUsed=150 
          STATICCALL 0x5fbdb231->0x0000000000000000000000000000000000000008 input=0x1abaf53a gasUsed=181000 
status 0x1 gasUsed 1561412
