cargo:warning=rustc +succinct --version: "rustc 1.93.0-dev\n"
[sp1]     Compiling proc-macro2 v1.0.106
[sp1]     Compiling quote v1.0.45
[sp1]     Compiling unicode-ident v1.0.24
[sp1]     Compiling serde_core v1.0.228
[sp1]     Compiling autocfg v1.5.0
[sp1]     Compiling cfg-if v1.0.4
[sp1]     Compiling serde v1.0.228
[sp1]     Compiling subtle v2.6.1
[sp1]     Compiling typenum v1.20.0
[sp1]     Compiling version_check v0.9.5
[sp1]     Compiling rand_core v0.10.1
[sp1]     Compiling const-oid v0.9.6
[sp1]     Compiling getrandom v0.2.17
[sp1]     Compiling cmov v0.5.4
[sp1]     Compiling const-oid v0.10.2
[sp1]     Compiling syn v1.0.109
[sp1]     Compiling rand_core v0.6.4
[sp1]     Compiling generic-array v0.14.7
[sp1]     Compiling ctutils v0.4.2
[sp1]     Compiling num-traits v0.2.19
[sp1]     Compiling num-bigint v0.3.3
[sp1]     Compiling radium v0.7.0
[sp1]     Compiling paste v1.0.15
[sp1]     Compiling portable-atomic v1.13.1
[sp1]     Compiling unicode-xid v0.2.6
[sp1]     Compiling tap v1.0.1
[sp1]     Compiling wyz v0.5.1
[sp1]     Compiling critical-section v1.2.0
[sp1]     Compiling funty v2.0.0
[sp1]     Compiling byteorder v1.5.0
[sp1]     Compiling unicode-segmentation v1.13.2
[sp1]     Compiling ruint-macro v1.2.1
[sp1]     Compiling convert_case v0.10.0
[sp1]     Compiling flagset v0.4.7
[sp1]     Compiling foldhash v0.2.0
[sp1]     Compiling syn v2.0.119
[sp1]     Compiling allocator-api2 v0.2.21
[sp1]     Compiling base16ct v0.2.0
[sp1]     Compiling equivalent v1.0.2
[sp1]     Compiling zerocopy v0.8.48
[sp1]     Compiling hashbrown v0.17.1
[sp1]     Compiling const-hex v1.19.1
[sp1]     Compiling keccak v0.2.0
[sp1]     Compiling libc v0.2.186
[sp1]     Compiling itoa v1.0.18
[sp1]     Compiling indexmap v2.14.0
[sp1]     Compiling thiserror v2.0.18
[sp1]     Compiling pin-project-lite v0.2.17
[sp1]     Compiling num-integer v0.1.46
[sp1]     Compiling zmij v1.0.21
[sp1]     Compiling serde_json v1.0.149
[sp1]     Compiling winnow v1.0.3
[sp1]     Compiling ident_case v1.0.1
[sp1]     Compiling addchain v0.2.1
[sp1]     Compiling strsim v0.11.1
[sp1]     Compiling bitflags v2.11.1
[sp1]     Compiling ahash v0.8.12
[sp1]     Compiling once_cell v1.21.4
[sp1]     Compiling ff_derive v0.13.1
[sp1]     Compiling tracing-core v0.1.36
[sp1]     Compiling crc-catalog v2.5.0
[sp1]     Compiling serde_derive v1.0.228
[sp1]     Compiling zeroize_derive v1.5.0
[sp1]     Compiling der_derive v0.7.3
[sp1]     Compiling derive_more-impl v2.1.1
[sp1]     Compiling alloy-rlp-derive v0.3.16
[sp1]     Compiling zeroize v1.9.0
[sp1]     Compiling thiserror-impl v2.0.18
[sp1]     Compiling tracing-attributes v0.1.31
[sp1]     Compiling auto_impl v1.3.0
[sp1]     Compiling num-bigint v0.4.8
[sp1]     Compiling crc v3.4.0
[sp1]     Compiling enum-ordinalize-derive v4.3.2
[sp1]     Compiling hybrid-array v0.4.13
[sp1]     Compiling heck v0.5.0
[sp1]     Compiling enum-ordinalize v4.3.2
[sp1]     Compiling tracing v0.1.44
[sp1]     Compiling ark-serialize-derive v0.6.0
[sp1]     Compiling memchr v2.8.0
[sp1]     Compiling der v0.7.10
[sp1]     Compiling crypto-common v0.2.2
[sp1]     Compiling block-buffer v0.12.0
[sp1]     Compiling crypto-common v0.1.7
[sp1]     Compiling block-buffer v0.10.4
[sp1]     Compiling crypto-bigint v0.5.5
[sp1]     Compiling ppv-lite86 v0.2.21
[sp1]     Compiling digest v0.10.7
[sp1]     Compiling sha2 v0.10.9
[sp1]     Compiling hmac v0.12.1
[sp1]     Compiling signature v2.2.0
[sp1]     Compiling rfc6979 v0.4.0
[sp1]     Compiling rand_chacha v0.3.1
[sp1]     Compiling digest v0.11.3
[sp1]     Compiling derive_more v2.1.1
[sp1]     Compiling sha3 v0.11.0
[sp1]     Compiling rand v0.8.6
[sp1]     Compiling ark-std v0.6.0
[sp1]     Compiling rustversion v1.0.22
[sp1]     Compiling ark-serialize v0.6.0
[sp1]     Compiling educe v0.6.0
[sp1]     Compiling ark-ff-macros v0.6.0
[sp1]     Compiling cpufeatures v0.3.0
[sp1]     Compiling ark-ff-asm v0.6.0
[sp1]     Compiling dunce v1.0.5
[sp1]     Compiling hex v0.4.3
[sp1]     Compiling ruint v1.20.0
[sp1]     Compiling darling_core v0.23.0
[sp1]     Compiling bitvec v1.0.1
[sp1]     Compiling arrayvec v0.7.6
[sp1]     Compiling bytes v1.12.1
[sp1]     Compiling serdect v0.2.0
[sp1]     Compiling either v1.16.0
[sp1]     Compiling smallvec v1.15.1
[sp1]     Compiling alloy-rlp v0.3.16
[sp1]     Compiling itertools v0.14.0
[sp1]     Compiling nonmax v0.5.5
[sp1]     Compiling spki v0.7.3
[sp1]     Compiling pkcs8 v0.10.2
[sp1]     Compiling sec1 v0.7.3
[sp1]     Compiling ark-ff v0.6.0
[sp1]     Compiling sha2 v0.11.0
[sp1]     Compiling num-rational v0.4.2
[sp1]     Compiling num-iter v0.1.45
[sp1]     Compiling num-complex v0.4.6
[sp1]     Compiling synstructure v0.13.2
[sp1]     Compiling ripemd v0.2.0
[sp1]     Compiling darling_macro v0.23.0
[sp1]     Compiling num v0.4.3
[sp1]     Compiling aurora-engine-modexp v1.2.0
[sp1]     Compiling ff v0.13.1
[sp1]     Compiling alloy-primitives v1.7.3
[sp1]     Compiling strum_macros v0.27.2
[sp1]     Compiling darling v0.23.0
[sp1]     Compiling derive-where v1.6.1
[sp1]     Compiling arrayref v0.3.9
[sp1]     Compiling zerofrom-derive v0.1.7
[sp1]     Compiling alloy-sol-type-parser v1.7.3
[sp1]     Compiling nybbles v0.4.8
[sp1]     Compiling jobserver v0.1.34
[sp1]     Compiling find-msvc-tools v0.1.9
[sp1]     Compiling shlex v1.3.0
[sp1]     Compiling yoke-derive v0.8.2
[sp1]     Compiling cc v1.2.62
[sp1]     Compiling syn-solidity v1.7.3
[sp1]     Compiling group v0.13.0
[sp1]     Compiling macro-string v0.2.0
[sp1]     Compiling proc-macro-error-attr3 v3.0.1
[sp1]     Compiling elliptic-curve v0.13.8
[sp1]     Compiling stable_deref_trait v1.2.1
[sp1]     Compiling zerofrom v0.1.8
[sp1]     Compiling itertools v0.12.1
[sp1]     Compiling p3-util v0.4.3-succinct
[sp1]     Compiling proc-macro-error3 v3.0.1
[sp1]     Compiling semver v1.0.28
[sp1]     Compiling ecdsa v0.16.9
[sp1]     Compiling primeorder v0.13.6
[sp1]     Compiling strum v0.27.2
[sp1]     Compiling k256 v0.13.4
[sp1]     Compiling serde_with_macros v3.21.0
[sp1]     Compiling alloy-tx-macros v2.5.0
[sp1]     Compiling p256 v0.13.2
[sp1]     Compiling alloy-json-abi v1.7.3
[sp1]     Compiling serde_with v3.21.0
[sp1]     Compiling yoke v0.8.2
[sp1]     Compiling p3-field v0.4.3-succinct
[sp1]     Compiling alloy-eip7928 v0.4.11
[sp1]     Compiling alloy-eip2930 v0.2.4
[sp1]     Compiling alloy-eip7702 v0.6.3
[sp1]     Compiling revm-primitives v43.0.0
[sp1]     Compiling revm-bytecode v43.0.0
[sp1]     Compiling alloy-eip2124 v0.2.0
[sp1]     Compiling alloy-eip8141 v0.1.1
[sp1]     Compiling alloy-serde v2.5.0
[sp1]     Compiling alloy-trie v0.9.8
[sp1]     Compiling alloy-sol-macro-input v1.7.3
[sp1]     Compiling revm-state v43.0.1
[sp1]     Compiling rustc_version v0.4.1
[sp1]     Compiling alloy-sol-macro-expander v1.7.3
[sp1]     Compiling quanta v0.13.0
[sp1]     Compiling toml_datetime v1.1.1+spec-1.1.0
[sp1]     Compiling zerovec-derive v0.11.3
[sp1]  error[E0433]: failed to resolve: could not find `timespec` in `libc`
[sp1]   --> /Users/hiroyusai/.cargo/registry/src/index.crates.io-1949cf8c6b5b557f/quanta-0.13.0/src/clocks/monotonic/unix.rs:9:28
[sp1]    |
[sp1]  9 |         let mut ts = libc::timespec::default();
[sp1]    |                            ^^^^^^^^ could not find `timespec` in `libc`
[sp1]  
[sp1]  error[E0425]: cannot find function `clock_gettime` in crate `libc`
[sp1]    --> /Users/hiroyusai/.cargo/registry/src/index.crates.io-1949cf8c6b5b557f/quanta-0.13.0/src/clocks/monotonic/unix.rs:11:19
[sp1]     |
[sp1]  11 |             libc::clock_gettime(libc::CLOCK_MONOTONIC, &mut ts);
[sp1]     |                   ^^^^^^^^^^^^^ not found in `libc`
[sp1]  
[sp1]  error[E0425]: cannot find value `CLOCK_MONOTONIC` in crate `libc`
[sp1]    --> /Users/hiroyusai/.cargo/registry/src/index.crates.io-1949cf8c6b5b557f/quanta-0.13.0/src/clocks/monotonic/unix.rs:11:39
[sp1]     |
[sp1]  11 |             libc::clock_gettime(libc::CLOCK_MONOTONIC, &mut ts);
[sp1]     |                                       ^^^^^^^^^^^^^^^ not found in `libc`
[sp1]  
[sp1]  Some errors have detailed explanations: E0425, E0433.
[sp1]  For more information about an error, try `rustc --explain E0425`.
[sp1]  error: could not compile `quanta` (lib) due to 3 previous errors
[sp1]  warning: build failed, waiting for other jobs to finish...
~/.sp1/bin/cargo-prove prove build --ignore-rust-version 2>&1  87.56s user 9.83s system 538% cpu 18.070 total
