execute wall: 137.04575ms
cycles(total_instruction_count): 3500181
report: gas: 3440269
opcode counts (3500181 total instructions):
    770116 xor
    359719 addi
    338683 sll
    321785 or
    288696 ld
    273290 sd
    268558 srl
    259508 and
    162843 lbu
     95719 sb
     71268 add
     59980 bne
     40804 beq
     27032 jalr
     26693 bltu
     19259 auipc
     18699 lui
     17043 lhu
     15713 sub
     13076 bgeu
     11181 mul
     10326 jal
      6423 subw
      5894 sltu
      5510 mulhu
      2520 srlw
      1773 sh
      1756 blt
      1622 lb
      1350 lh
      1192 sw
       922 addw
       683 lw
       290 bge
       103 lwu
        87 sra
        30 ecall
        21 slt
        14 sllw
syscall counts (0 total syscall instructions):

GATE C output match vs native: PASS
setup wall: 2.349832958s
[sp1] downloaded https://sp1-circuits.s3-us-east-2.amazonaws.com/v6.1.0-groth16.tar.gz to /Users/hiroyusai/.sp1/circuits/groth16/v6.1.0.incomplete.on2LAJ
Setting environment variables took 345.417µs
Reading R1CS took 11.618879083s
Reading proving key took 2.970920375s
Reading witness file took 3.5605ms
Deserializing JSON data took 18.175625ms
Generating witness took 454.14375ms
[90m12:09:06[0m DBG constraint system solver done [36mnbConstraints=[0m15972262 [36mtook=[0m3644.246209
[90m12:09:37[0m DBG prover done [36macceleration=[0mnone [36mbackend=[0mgroth16 [36mcurve=[0mbn254 [36mnbConstraints=[0m15972262 [36mtook=[0m30095.05375
Generating proof took 33.741117458s
[90m12:09:37[0m [33mWRN[0m [1mignoring uninitialized slice[0m [36mslice name=[0mVars [36mslice type=[0m[]frontend.Variable
[90m12:09:37[0m [33mWRN[0m [1mignoring uninitialized slice[0m [36mslice name=[0mVars [36mslice type=[0m[]frontend.Variable
[90m12:09:37[0m [33mWRN[0m [1mignoring uninitialized slice[0m [36mslice name=[0mVars [36mslice type=[0m[]frontend.Variable
[90m12:09:37[0m DBG verifier done [36mbackend=[0mgroth16 [36mcurve=[0mbn254 [36mtook=[0m1.270959
PROVE groth16 wall: 1428.034430792s
proof pv match: true
verify ok (196.906833ms)
     2422.31 real      3187.43 user       182.14 sys
         13616283648  maximum resident set size
                   0  average shared memory size
                   0  average unshared data size
                   0  average unshared stack size
            12069605  page reclaims
                  31  page faults
                   0  swaps
                   0  block input operations
                   0  block output operations
                  21  messages sent
             1173867  messages received
               11203  signals received
               25369  voluntary context switches
             7359535  involuntary context switches
      29635962508476  instructions retired
      10222501224714  cycles elapsed
         31521923312  peak memory footprint
