    Updating crates.io index
     Locking 517 packages to latest compatible versions
      Adding crypto-common v0.1.6 (available: v0.1.7)
      Adding generic-array v1.1.0 (available: v1.4.5)
      Adding p3-air v0.4.3-succinct (available: v0.4.3)
      Adding p3-baby-bear v0.4.3-succinct (available: v0.4.3)
      Adding p3-challenger v0.4.3-succinct (available: v0.4.3)
      Adding p3-commit v0.4.3-succinct (available: v0.4.3)
      Adding p3-dft v0.4.3-succinct (available: v0.4.3)
      Adding p3-field v0.4.3-succinct (available: v0.4.3)
      Adding p3-fri v0.4.3-succinct (available: v0.4.3)
      Adding p3-interpolation v0.4.3-succinct (available: v0.4.3)
      Adding p3-keccak-air v0.4.3-succinct (available: v0.4.3)
      Adding p3-koala-bear v0.4.3-succinct (available: v0.4.3)
      Adding p3-matrix v0.4.3-succinct (available: v0.4.3)
      Adding p3-maybe-rayon v0.4.3-succinct (available: v0.4.3)
      Adding p3-mds v0.4.3-succinct (available: v0.4.3)
      Adding p3-merkle-tree v0.4.3-succinct (available: v0.4.3)
      Adding p3-poseidon2 v0.4.3-succinct (available: v0.4.3)
      Adding p3-symmetric v0.4.3-succinct (available: v0.4.3)
      Adding p3-uni-stark v0.4.3-succinct (available: v0.4.3)
      Adding p3-util v0.4.3-succinct (available: v0.4.3)
      Adding sp1-sdk v6.3.1 (available: v6.8.1)
 Downloading crates ...
  Downloaded crossbeam-queue v0.3.14
  Downloaded clap_lex v1.1.1
  Downloaded cfg-if v1.0.5
  Downloaded find-msvc-tools v0.1.14
  Downloaded crossbeam v0.8.5
  Downloaded dashu-macros v0.4.2
  Downloaded dashu v0.4.4
  Downloaded crossbeam-deque v0.8.8
  Downloaded dashu-base v0.4.3
  Downloaded camino v1.2.6
  Downloaded crc32fast v1.5.2
  Downloaded crossbeam-epoch v0.9.21
  Downloaded clap_derive v4.6.7
  Downloaded eyre v0.6.14
  Downloaded crossbeam-utils v0.8.23
  Downloaded chacha20 v0.10.2
  Downloaded memfd v0.6.6
  Downloaded lazy_static v1.5.1
  Downloaded lru-slab v0.1.3
  Downloaded dashu-ratio v0.4.4
  Downloaded derive-where v1.7.0
  Downloaded ipnet v2.12.2
  Downloaded mti v1.1.1
  Downloaded clap v4.6.7
  Downloaded hyper-rustls v0.27.10
  Downloaded crossbeam-channel v0.5.17
  Downloaded slop-air v6.8.1
  Downloaded slop-baby-bear v6.8.1
  Downloaded slop-merkle-tree v6.8.1
  Downloaded slop-futures v6.8.1
  Downloaded slop-keccak-air v6.8.1
  Downloaded slop-basefold v6.8.1
  Downloaded slop-tensor v6.8.1
  Downloaded slop-uni-stark v6.8.1
  Downloaded slop-dft v6.8.1
  Downloaded slop-fri v6.8.1
  Downloaded slop-matrix v6.8.1
  Downloaded sp1-derive v6.8.1
  Downloaded slop-commit v6.8.1
  Downloaded slop-utils v6.8.1
  Downloaded slop-stacked v6.8.1
  Downloaded flate2 v1.1.10
  Downloaded slop-maybe-rayon v6.8.1
  Downloaded slop-sumcheck v6.8.1
  Downloaded yoke-derive v0.8.4
  Downloaded typeid_prefix v1.2.1
  Downloaded zerofrom-derive v0.1.8
  Downloaded slop-basefold-prover v6.8.1
  Downloaded sp1-core-executor-runner-binary v6.8.1
  Downloaded quinn-udp v0.5.16
  Downloaded sp1-build v6.8.1
  Downloaded thiserror v2.0.21
  Downloaded thiserror-impl v2.0.21
  Downloaded slop-multilinear v6.8.1
  Downloaded slop-whir v6.8.1
  Downloaded sp1-curves v6.8.1
  Downloaded base64 v0.23.1
  Downloaded dashu-float v0.4.5
  Downloaded icu_provider v2.3.1
  Downloaded tokio-rustls v0.26.6
  Downloaded typeid_suffix v1.3.0
  Downloaded zerovec-derive v0.11.6
  Downloaded slop-alloc v6.8.1
  Downloaded smallvec v1.16.2
  Downloaded sp1-core-executor-runner v6.8.1
  Downloaded sp1-recursion-executor v6.8.1
  Downloaded sp1-recursion-machine v6.8.1
  Downloaded slop-jagged v6.8.1
  Downloaded miniz_oxide v0.9.1
  Downloaded synstructure v0.14.0
  Downloaded sp1-verifier v6.8.1
  Downloaded cc v1.6.0
  Downloaded unicode-ident v1.0.26
  Downloaded twox-hash v2.1.4
  Downloaded num-modular v0.6.6
  Downloaded sp1-recursion-gnark-ffi v6.8.1
  Downloaded sp1-jit v6.8.1
  Downloaded sp1-prover-types v6.8.1
  Downloaded sp1-recursion-compiler v6.8.1
  Downloaded quinn v0.11.12
  Downloaded uuid v1.27.0
  Downloaded mio v1.2.3
  Downloaded sp1-recursion-circuit v6.8.1
  Downloaded rustls-webpki v0.103.15
  Downloaded hyper-util v0.1.21
  Downloaded rand v0.10.3
  Downloaded clap_builder v4.6.7
  Downloaded h2 v0.4.19
  Downloaded sp1-hypercube v6.8.1
  Downloaded dashu-int v0.4.3
  Downloaded hyper v1.11.1
  Downloaded sp1-core-executor v6.8.1
  Downloaded quinn-proto v0.11.19
  Downloaded zlib-rs v0.6.8
  Downloaded sp1-core-machine v6.8.1
  Downloaded zerocopy v0.8.59
  Downloaded syn v3.0.6
  Downloaded rustls v0.23.45
  Downloaded rustix v1.1.5
  Downloaded libc v0.2.190
  Downloaded sp1-prover v6.8.1
   Compiling proc-macro2 v1.0.107
   Compiling quote v1.0.47
   Compiling unicode-ident v1.0.26
   Compiling libc v0.2.190
   Compiling serde_core v1.0.229
   Compiling serde v1.0.229
   Compiling autocfg v1.5.1
   Compiling zerocopy v0.8.59
   Compiling crossbeam-utils v0.8.23
   Compiling crossbeam-epoch v0.9.21
   Compiling crossbeam-deque v0.8.8
   Compiling rayon-core v1.13.0
   Compiling cfg-if v1.0.5
   Compiling pin-project-lite v0.2.17
   Compiling once_cell v1.21.4
   Compiling either v1.18.0
   Compiling version_check v0.9.5
   Compiling syn v1.0.109
   Compiling num-traits v0.2.19
   Compiling tracing-core v0.1.36
   Compiling syn v3.0.6
   Compiling syn v2.0.119
   Compiling radium v0.7.0
   Compiling getrandom v0.2.17
   Compiling rand_core v0.6.4
   Compiling generic-array v0.14.9
   Compiling num-bigint v0.3.3
   Compiling semver v1.0.28
   Compiling num-integer v0.1.47
   Compiling num-bigint v0.4.8
   Compiling rustc_version v0.4.1
   Compiling ppv-lite86 v0.2.21
   Compiling serde_derive v1.0.229
   Compiling rand_chacha v0.3.1
   Compiling tracing-attributes v0.1.31
   Compiling rand v0.8.8
   Compiling thiserror v1.0.69
   Compiling addchain v0.2.1
   Compiling itertools v0.12.1
   Compiling thiserror-impl v1.0.69
   Compiling futures-macro v0.3.34
   Compiling tracing v0.1.44
   Compiling rayon v1.12.0
   Compiling subtle v2.6.1
   Compiling zeroize v1.9.0
   Compiling ff_derive v0.13.1
   Compiling p3-koala-bear v0.4.3-succinct
   Compiling itertools v0.14.0
   Compiling futures-core v0.3.34
   Compiling find-msvc-tools v0.1.14
   Compiling shlex v2.0.1
   Compiling errno v0.3.14
   Compiling hashbrown v0.17.1
   Compiling cc v1.6.0
   Compiling memchr v2.8.3
   Compiling equivalent v1.0.2
   Compiling derive-where v1.7.0
   Compiling p3-baby-bear v0.4.3-succinct
   Compiling bytes v1.12.1
   Compiling indexmap v2.14.2
   Compiling rustversion v1.0.23
   Compiling pin-project-internal v1.1.13
   Compiling p3-maybe-rayon v0.4.3-succinct
   Compiling byteorder v1.5.0
   Compiling futures-sink v0.3.34
   Compiling tap v1.0.1
   Compiling typenum v1.20.1
   Compiling slab v0.4.12
   Compiling lazy_static v1.5.1
   Compiling p3-util v0.4.3-succinct
   Compiling wyz v0.5.1
   Compiling futures-channel v0.3.34
   Compiling p3-field v0.4.3-succinct
   Compiling smallvec v1.16.2
   Compiling signal-hook-registry v1.4.8
   Compiling tokio-macros v2.7.2
   Compiling mio v1.2.3
   Compiling p3-matrix v0.4.3-succinct
   Compiling p3-symmetric v0.4.3-succinct
   Compiling socket2 v0.6.5
   Compiling p3-challenger v0.4.3-succinct
   Compiling p3-dft v0.4.3-succinct
   Compiling funty v2.0.0
   Compiling slop-algebra v6.8.1
   Compiling futures-io v0.3.34
   Compiling regex-syntax v0.8.11
   Compiling tokio v1.53.1
   Compiling const-oid v0.9.6
   Compiling futures-task v0.3.34
   Compiling bitvec v1.1.1
   Compiling futures-util v0.3.34
   Compiling p3-mds v0.4.3-succinct
   Compiling gcd v2.3.0
   Compiling p3-poseidon2 v0.4.3-succinct
   Compiling regex-automata v0.4.18
   Compiling log v0.4.34
   Compiling arrayvec v0.7.8
   Compiling blake3 v1.8.7
   Compiling ff v0.13.1
   Compiling spin v0.9.9
   Compiling getrandom v0.4.3
   Compiling heck v0.5.0
   Compiling crypto-common v0.1.6
   Compiling block-buffer v0.10.4
   Compiling slop-symmetric v6.8.1
   Compiling ahash v0.8.12
   Compiling rustix v1.1.5
   Compiling bitflags v2.13.2
   Compiling digest v0.10.7
   Compiling slop-challenger v6.8.1
   Compiling p3-commit v0.4.3-succinct
   Compiling slop-poseidon2 v6.8.1
   Compiling dashu-int v0.4.3
   Compiling winnow v1.0.4
   Compiling crc32fast v1.5.2
   Compiling toml_datetime v1.1.1+spec-1.1.0
   Compiling slop-alloc v6.8.1
   Compiling strength_reduce v0.2.4
   Compiling unicode-xid v0.2.6
   Compiling p3-bn254-fr v0.4.3-succinct
   Compiling parity-scale-codec v3.7.5
   Compiling slop-matrix v6.8.1
   Compiling transpose v0.2.3
   Compiling const_format_proc_macros v0.2.34
   Compiling itoa v1.0.18
   Compiling base64ct v1.8.3
   Compiling slop-tensor v6.8.1
   Compiling toml_parser v1.1.3+spec-1.1.0
   Compiling pem-rfc7468 v0.7.0
   Compiling matchers v0.2.0
   Compiling slop-koala-bear v6.8.1
   Compiling tracing-log v0.2.0
   Compiling sharded-slab v0.1.7
   Compiling toml_edit v0.25.15+spec-1.1.0
   Compiling thread_local v1.1.10
   Compiling zmij v1.0.23
   Compiling nu-ansi-term v0.50.3
   Compiling num-modular v0.6.6
   Compiling der v0.7.10
   Compiling slop-commit v6.8.1
   Compiling tracing-subscriber v0.3.23
   Compiling proc-macro-crate v3.5.0
   Compiling num-order v1.2.0
   Compiling derive_more-impl v1.0.0
   Compiling impl-trait-for-tuples v0.2.3
   Compiling parity-scale-codec-derive v3.7.5
   Compiling crossbeam-channel v0.5.17
   Compiling crossbeam-queue v0.3.14
   Compiling slop-bn254 v6.8.1
   Compiling crunchy v0.2.4
   Compiling static_assertions v1.1.0
   Compiling futures-executor v0.3.34
   Compiling dashu-base v0.4.3
   Compiling slop-primitives v6.8.1
   Compiling ansi_term v0.12.1
   Compiling object v0.37.3
   Compiling futures v0.3.34
   Compiling tracing-forest v0.1.6
   Compiling crossbeam v0.8.5
   Compiling slop-baby-bear v6.8.1
   Compiling spki v0.7.3
   Compiling strum_macros v0.27.2
   Compiling pin-project v1.1.13
   Compiling deepsize_derive2 v0.1.0
   Compiling struct-reflection-derive v0.1.0
   Compiling num_cpus v1.17.0
   Compiling toml_datetime v0.6.11
   Compiling serde_json v1.0.151
   Compiling winnow v0.5.40
   Compiling slop-multilinear v6.8.1
   Compiling slop-utils v6.8.1
   Compiling dashu-float v0.4.5
   Compiling pkcs8 v0.10.2
   Compiling scale-info-derive v2.11.6
   Compiling p3-merkle-tree v0.4.3-succinct
   Compiling slop-futures v6.8.1
   Compiling group v0.13.0
   Compiling p3-interpolation v0.4.3-succinct
   Compiling curve25519-dalek v4.1.3
   Compiling cpufeatures v0.2.17
   Compiling proc-macro-error-attr2 v2.0.0
   Compiling toml_edit v0.19.15
   Compiling base16ct v0.2.0
   Compiling sec1 v0.7.3
   Compiling sha2 v0.10.9
   Compiling proc-macro-error2 v2.0.1
   Compiling p3-fri v0.4.3-succinct
   Compiling slop-merkle-tree v6.8.1
   Compiling dashu-ratio v0.4.4
   Compiling crypto-bigint v0.5.5
   Compiling sp1-derive v6.8.1
   Compiling proc-macro-crate v1.3.1
   Compiling pastey v0.2.3
   Compiling konst_macro_rules v0.2.19
   Compiling konst v0.2.20
   Compiling elliptic-curve v0.13.8
   Compiling dynasm v3.2.1
   Compiling slop-basefold v6.8.1
   Compiling slop-fri v6.8.1
   Compiling dashu-macros v0.4.2
   Compiling slop-dft v6.8.1
   Compiling hmac v0.12.1
   Compiling num_enum_derive v0.5.11
   Compiling eyre v0.6.14
   Compiling paste v1.0.15
   Compiling allocator-api2 v0.2.21
   Compiling parking_lot_core v0.9.12
   Compiling constant_time_eq v0.4.2
   Compiling tiny-keccak v2.0.2
   Compiling sp1-jit v6.8.1
   Compiling rfc6979 v0.4.0
   Compiling slop-basefold-prover v6.8.1
   Compiling const_format v0.2.36
   Compiling signature v2.2.0
   Compiling p3-air v0.4.3-succinct
   Compiling bincode v1.3.3
   Compiling synstructure v0.14.0
   Compiling byte-slice-cast v1.2.3
   Compiling elf v0.7.4
   Compiling hex v0.4.3
   Compiling ecdsa v0.16.9
   Compiling hashbrown v0.14.5
   Compiling slop-stacked v6.8.1
   Compiling sp1-primitives v6.8.1
   Compiling slop-sumcheck v6.8.1
   Compiling derive_more v1.0.0
   Compiling enum-map-derive v0.17.0
   Compiling adler2 v2.0.1
   Compiling sp1-core-executor v6.8.1
   Compiling fnv v1.0.7
   Compiling simd-adler32 v0.3.10
   Compiling miniz_oxide v0.9.1
   Compiling slop-jagged v6.8.1
   Compiling zerofrom-derive v0.1.8
   Compiling p3-uni-stark v0.4.3-succinct
   Compiling primeorder v0.13.6
   Compiling num-rational v0.4.2
   Compiling bytemuck_derive v1.12.1
   Compiling scale-info v2.11.6
   Compiling num-iter v0.1.46
   Compiling num-complex v0.4.6
   Compiling memmap2 v0.9.11
   Compiling foldhash v0.1.5
   Compiling anyhow v1.0.104
   Compiling twox-hash v2.1.4
   Compiling ruzstd v0.8.3
   Compiling num v0.4.3
   Compiling hashbrown v0.15.5
   Compiling serdect v0.2.0
   Compiling zerofrom v0.1.8
   Compiling bytemuck v1.25.2
   Compiling flate2 v1.1.10
   Compiling slop-uni-stark v6.8.1
   Compiling p256 v0.13.2
   Compiling slop-whir v6.8.1
   Compiling deepsize2 v0.1.0
   Compiling k256 v0.13.4
   Compiling yoke-derive v0.8.4
   Compiling slop-air v6.8.1
   Compiling dashu v0.4.4
   Compiling num_enum v0.5.11
   Compiling strum v0.27.2
   Compiling memfd v0.6.6
   Compiling uuid v1.27.0
   Compiling snowbridge-amcl v1.0.2
   Compiling struct-reflection v0.1.0
   Compiling dynasmrt v3.2.1
   Compiling subenum v1.2.0
   Compiling generic-array v1.1.0
   Compiling rayon-scan v0.1.1
   Compiling indenter v0.3.4
   Compiling thousands v0.2.0
   Compiling stable_deref_trait v1.2.1
   Compiling downcast-rs v1.2.1
   Compiling arrayref v0.3.9
   Compiling camino v1.2.6
   Compiling yoke v0.8.3
   Compiling sp1-curves v6.8.1
   Compiling enum-map v2.7.3
   Compiling rrs-succinct v0.2.0
   Compiling serde_arrays v0.2.0
   Compiling slop-maybe-rayon v6.8.1
   Compiling sp1-hypercube v6.8.1
   Compiling http v1.5.0
   Compiling zerovec-derive v0.11.6
   Compiling zerovec v0.11.8
   Compiling atomic v0.6.1
   Compiling md-5 v0.10.6
   Compiling displaydoc v0.2.7
   Compiling prettyplease v0.2.37
   Compiling sha1_smol v1.0.1
   Compiling scopeguard v1.2.0
   Compiling lock_api v0.4.14
   Compiling http-body v1.1.0
   Compiling mach2 v0.4.3
   Compiling percent-encoding v2.3.2
   Compiling tower-service v0.3.3
   Compiling crash-context v0.6.3
   Compiling parking_lot v0.12.5
   Compiling ring v0.17.14
   Compiling core-foundation-sys v0.8.7
   Compiling prost-derive v0.13.5
   Compiling crash-handler v0.7.0
   Compiling tinystr v0.8.4
   Compiling tokio-util v0.7.19
   Compiling regex v1.13.1
   Compiling cargo-platform v0.1.9
   Compiling rustls-pki-types v1.15.1
   Compiling litemap v0.8.3
   Compiling writeable v0.6.4
   Compiling httparse v1.10.1
   Compiling icu_locale_core v2.3.0
   Compiling cargo_metadata v0.18.1
   Compiling potential_utf v0.1.6
   Compiling zerotrie v0.2.5
   Compiling gimli v0.32.3
   Compiling untrusted v0.9.0
   Compiling range-set-blaze v0.1.16
   Compiling utf8_iter v1.0.4
   Compiling glob v0.3.4
   Compiling tower-layer v0.3.3
   Compiling base64 v0.22.1
   Compiling icu_normalizer_data v2.3.0
   Compiling try-lock v0.2.5
   Compiling icu_properties_data v2.3.0
   Compiling atomic-waker v1.1.2
   Compiling want v0.3.1
   Compiling h2 v0.4.19
   Compiling clang-sys v1.9.1
   Compiling icu_collections v2.3.0
   Compiling icu_provider v2.3.1
   Compiling addr2line v0.25.1
   Compiling miniz_oxide v0.8.9
   Compiling sync_wrapper v1.0.2
   Compiling rustls v0.23.45
   Compiling rustc-demangle v0.1.28
   Compiling gen_ops v0.4.0
   Compiling httpdate v1.0.3
   Compiling prost v0.13.5
   Compiling backtrace v0.3.76
   Compiling sysinfo v0.30.13
   Compiling hyper v1.11.1
   Compiling p3-keccak-air v0.4.3-succinct
   Compiling rustls-webpki v0.103.15
   Compiling base64 v0.23.1
   Compiling minimal-lexical v0.2.1
   Compiling sp1-core-executor-runner-binary v6.8.1
   Compiling ipnet v2.12.2
   Compiling fastrand v2.5.0
   Compiling fixedbitset v0.5.7
   Compiling tempfile v3.27.0
   Compiling petgraph v0.7.1
   Compiling hyper-util v0.1.21
   Compiling sp1-core-executor-runner v6.8.1
   Compiling nom v7.1.3
   Compiling slop-keccak-air v6.8.1
   Compiling prost-types v0.13.5
   Compiling sp1-recursion-executor v6.8.1
   Compiling icu_properties v2.3.0
   Compiling icu_normalizer v2.3.0
   Compiling tower v0.5.3
   Compiling http-body-util v0.1.5
   Compiling indexmap v1.9.3
   Compiling libloading v0.8.9
   Compiling bindgen v0.70.1
   Compiling multimap v0.10.1
   Compiling utf8parse v0.2.2
   Compiling prost-build v0.13.5
   Compiling anstyle-parse v1.0.0
   Compiling iana-time-zone v0.1.65
   Compiling idna_adapter v1.2.2
   Compiling cexpr v0.6.0
   Compiling form_urlencoded v1.2.2
   Compiling async-trait v0.1.92
   Compiling tokio-rustls v0.26.6
   Compiling itertools v0.13.0
   Compiling is_terminal_polyfill v1.70.2
   Compiling colorchoice v1.0.5
   Compiling anstyle v1.0.14
   Compiling mime v0.3.17
   Compiling shlex v1.3.0
   Compiling hashbrown v0.12.3
   Compiling rustc-hash v1.1.0
   Compiling thiserror v2.0.21
   Compiling anstyle-query v1.1.5
   Compiling anstream v1.0.0
   Compiling tonic-build v0.12.3
   Compiling idna v1.1.0
   Compiling axum-core v0.4.5
   Compiling chrono v0.4.45
   Compiling sp1-recursion-machine v6.8.1
   Compiling async-stream-impl v0.3.6
   Compiling thiserror-impl v2.0.21
   Compiling portable-atomic v1.15.0
   Compiling vec_map v0.8.2
   Compiling strsim v0.11.1
   Compiling rustc-hex v2.1.0
   Compiling option-ext v0.2.0
   Compiling matchit v0.7.3
   Compiling clap_lex v1.1.1
   Compiling clap_builder v4.6.7
   Compiling dirs-sys v0.4.1
   Compiling substrate-bn-succinct-rs v0.6.0
   Compiling axum v0.7.9
   Compiling sp1-prover-types v6.8.1
   Compiling async-stream v0.3.6
   Compiling tower v0.4.13
   Compiling url v2.5.8
   Compiling hyper-timeout v0.5.2
   Compiling rustls-pemfile v2.2.0
   Compiling webpki-roots v1.0.9
   Compiling typeid_suffix v1.3.0
   Compiling tokio-stream v0.1.19
   Compiling clap_derive v4.6.7
   Compiling sp1-recursion-gnark-ffi v6.8.1
   Compiling socket2 v0.5.10
   Compiling typeid_prefix v1.2.1
   Compiling unicode-width v0.2.2
   Compiling ryu v1.0.23
   Compiling serde_urlencoded v0.7.1
   Compiling console v0.15.11
   Compiling tonic v0.12.3
   Compiling clap v4.6.7
   Compiling mti v1.1.1
   Compiling hyper-rustls v0.27.10
   Compiling tower-http v0.6.11
   Compiling sp1-verifier v6.8.1
   Compiling dirs v5.0.1
   Compiling async-scoped v0.9.0
   Compiling serial_test_derive v3.5.0
   Compiling number_prefix v0.4.0
   Compiling indicatif v0.17.11
   Compiling serial_test v3.5.0
   Compiling reqwest v0.12.28
   Compiling fd-lock v4.0.4
   Compiling lru v0.12.5
   Compiling opentelemetry v0.23.0
   Compiling sp1-build v6.8.1
   Compiling eventsource-stream v0.2.3
   Compiling sp1-core-machine v6.8.1
   Compiling sp1-recursion-compiler v6.8.1
   Compiling sp1-recursion-circuit v6.8.1
   Compiling sp1-prover v6.8.1
   Compiling sp1-sdk v6.3.1
   Compiling spike-runner v0.1.0 (/Users/hiroyusai/src/tempo-spike/runner)
error[E0599]: no method named `verifying_key` found for enum `sp1_sdk::blocking::EnvProvingKey` in the current scope
  --> src/main.rs:36:30
   |
36 |     client.verify(&proof, pk.verifying_key(), None).expect("verify");
   |                              ^^^^^^^^^^^^^ method not found in `sp1_sdk::blocking::EnvProvingKey`
   |
  ::: /Users/hiroyusai/.cargo/registry/src/index.crates.io-1949cf8c6b5b557f/sp1-sdk-6.3.1/src/prover.rs:85:8
   |
85 |     fn verifying_key(&self) -> &SP1VerifyingKey;
   |        ------------- the method is available for `sp1_sdk::blocking::EnvProvingKey` here
   |
   = help: items from traits can only be used if the trait is in scope
help: trait `ProvingKey` which provides `verifying_key` is implemented but not in scope; perhaps you want to import it
   |
 3 + use sp1_sdk::ProvingKey;
   |

For more information about this error, try `rustc --explain E0599`.
error: could not compile `spike-runner` (bin "spike-runner") due to 1 previous error
