[mainnet] to_guard=2 441s
{
 "net": "mainnet",
 "fromBlock": 1,
 "toBlock": 42487199,
 "rpcCalls": 851,
 "elapsedSec": 442,
 "eventCountsAll": {
  "BlacklistUpdated": 1011,
  "PolicyCreated": 597,
  "PolicyAdminUpdated": 617,
  "WhitelistUpdated": 6640,
  "CompoundPolicyCreated": 6,
  "ReceivePolicyUpdated": 11,
  "TransferBlocked": 2,
  "ReceiptClaimed": 2
 },
 "eventCountsExclOurs": {
  "BlacklistUpdated": 1011,
  "PolicyCreated": 597,
  "PolicyAdminUpdated": 617,
  "WhitelistUpdated": 6640,
  "CompoundPolicyCreated": 6,
  "ReceivePolicyUpdated": 11,
  "TransferBlocked": 2,
  "ReceiptClaimed": 2
 },
 "transferBlocked": {
  "count": 2,
  "byDay": {
   "2026-09-11": 1,
   "2026-09-22": 1
  },
  "distinct_txFrom": 2,
  "top_txFrom": [
   [
    "0xc980c2efce118c2fff5a8eca716a22d98b170cea",
    1
   ],
   [
    "0x42dcb5851dc9d1b6f66e31c6cb592fbc88188b15",
    1
   ]
  ],
  "distinct_originator": 2,
  "top_originator": [
   [
    "0xe1de0becab5f1656fe7b245b986970f38aa04de9",
    1
   ],
   [
    "0x42dcb5851dc9d1b6f66e31c6cb592fbc88188b15",
    1
   ]
  ],
  "distinct_receiver": 2,
  "top_receiver": [
   [
    "0x3a4346710683f5c57c1e5e2e82a8683bf0d38701",
    1
   ],
   [
    "0x0d1ad0ae4e77cca2022846938a81b5103f13ba9d",
    1
   ]
  ],
  "distinct_token": 1,
  "top_token": [
   [
    "0x20c0000000000000000000000000000000000000",
    2
   ]
  ],
  "distinct_blockedReason": 1,
  "top_blockedReason": [
   [
    "TOKEN_FILTER",
    2
   ]
  ],
  "distinct_kind": 1,
  "top_kind": [
   [
    "TRANSFER",
    2
   ]
  ]
 },
 "transferBlockedOurs": 0,
 "transferToGuard": {
  "count": 2,
  "byDay": {
   "2026-09-11": 1,
   "2026-09-22": 1
  },
  "distinct_txFrom": 2,
  "top_txFrom": [
   [
    "0xc980c2efce118c2fff5a8eca716a22d98b170cea",
    1
   ],
   [
    "0x42dcb5851dc9d1b6f66e31c6cb592fbc88188b15",
    1
   ]
  ],
  "distinct_from": 2,
  "top_from": [
   [
    "0xe1de0becab5f1656fe7b245b986970f38aa04de9",
    1
   ],
   [
    "0x42dcb5851dc9d1b6f66e31c6cb592fbc88188b15",
    1
   ]
  ],
  "distinct_token": 1,
  "top_token": [
   [
    "0x20c0000000000000000000000000000000000000",
    2
   ]
  ]
 },
 "transferToGuardOurs": 0,
 "receivePolicyUpdated": {
  "count": 11,
  "byDay": {
   "2026-07-16": 1,
   "2026-09-11": 8,
   "2026-09-12": 1,
   "2026-09-22": 1
  },
  "distinct_txFrom": 5,
  "top_txFrom": [
   [
    "0x5645ad12e26eeaa697ff4820b1657c733a69a7f5",
    7
   ],
   [
    "0xa1024faf6ba6e4e0dfc8654c5b68db16fc23ad09",
    1
   ],
   [
    "0xb24ee25a7203e647c064f5ae67ca454b929cae8c",
    1
   ],
   [
    "0x3a4346710683f5c57c1e5e2e82a8683bf0d38701",
    1
   ],
   [
    "0x0d1ad0ae4e77cca2022846938a81b5103f13ba9d",
    1
   ]
  ],
  "distinct_account": 11,
  "top_account": [
   [
    "0xa1024faf6ba6e4e0dfc8654c5b68db16fc23ad09",
    1
   ],
   [
    "0xe1de0becab5f1656fe7b245b986970f38aa04de9",
    1
   ],
   [
    "0x3a4346710683f5c57c1e5e2e82a8683bf0d38701",
    1
   ],
   [
    "0x98647307189deae995e2b25fb70c57abc604e176",
    1
   ],
   [
    "0x7a61f1a0088bae07fdc02f08d398ad1d43fd2033",
    1
   ],
   [
    "0xfe52a8643a2f7da3ca5f36e35f9ffe0225cf37cc",
    1
   ],
   [
    "0x4f1b3fa20c286031d9f77de297dfa47671aeab9d",
    1
   ],
   [
    "0x2e227ad996ce2e5e18443f70e40bf9cac5e3cdb7",
    1
   ],
   [
    "0x11841f391ade10708043b981c2239a0638e55548",
    1
   ],
   [
    "0x61a048ea0683b691fa7edf29470ab06fa985f5eb",
    1
   ]
  ],
  "distinct_senderPolicyId": 1,
  "top_senderPolicyId": [
   [
    1,
    11
   ]
  ],
  "distinct_tokenFilterId": 4,
  "top_tokenFilterId": [
   [
    1,
    8
   ],
   [
    556,
    1
   ],
   [
    595,
    1
   ],
   [
    601,
    1
   ]
  ]
 },
 "receivePolicyAccounts": {
  "distinctAccountsEverSet": 11,
  "latestSettingNotAllowAll": 3,
  "newAccountsByDay": {
   "2026-07-16": 1,
   "2026-09-11": 8,
   "2026-09-12": 1,
   "2026-09-22": 1
  },
  "cumulativeAccountsByDay": {
   "2026-07-16": 1,
   "2026-09-11": 9,
   "2026-09-12": 10,
   "2026-09-22": 11
  }
 },
 "policyCreated": {
  "count": 597,
  "byDay": {
   "2026-01-21": 1,
   "2026-02-17": 1,
   "2026-02-20": 1,
   "2026-03-04": 1,
   "2026-03-23": 3,
   "2026-03-30": 2,
   "2026-03-31": 3,
   "2026-04-01": 8,
   "2026-04-03": 1,
   "2026-04-04": 1,
   "2026-04-05": 1,
   "2026-04-06": 2,
   "2026-04-07": 4,
   "2026-04-08": 1,
   "2026-04-09": 6,
   "2026-04-10": 8,
   "2026-04-11": 30,
   "2026-04-12": 30,
   "2026-04-13": 20,
   "2026-04-14": 10,
   "2026-04-15": 18,
   "2026-04-16": 12,
   "2026-04-17": 25,
   "2026-04-18": 23,
   "2026-04-19": 16,
   "2026-04-20": 21,
   "2026-04-21": 29,
   "2026-04-22": 24,
   "2026-04-23": 35,
   "2026-04-24": 30,
   "2026-04-25": 30,
   "2026-04-26": 28,
   "2026-04-27": 24,
   "2026-04-28": 25,
   "2026-04-29": 20,
   "2026-04-30": 25,
   "2026-05-01": 12,
   "2026-05-02": 5,
   "2026-05-03": 7,
   "2026-05-04": 4,
   "2026-05-06": 1,
   "2026-05-07": 1,
   "2026-05-26": 1,
   "2026-05-27": 1,
   "2026-06-22": 1,
   "2026-07-08": 1,
   "2026-07-16": 1,
   "2026-07-24": 1,
   "2026-07-31": 2,
   "2026-08-03": 2,
   "2026-08-04": 3,
   "2026-08-06": 2,
   "2026-08-10": 2,
   "2026-08-11": 1,
   "2026-08-12": 5,
   "2026-08-13": 1,
   "2026-08-17": 1,
   "2026-08-18": 1,
   "2026-08-19": 1,
   "2026-08-26": 2,
   "2026-08-28": 1,
   "2026-08-29": 2,
   "2026-09-01": 1,
   "2026-09-02": 1,
   "2026-09-03": 2,
   "2026-09-08": 1,
   "2026-09-11": 4,
   "2026-09-15": 1,
   "2026-09-18": 2,
   "2026-09-22": 1,
   "2026-09-25": 2,
   "2026-10-02": 1
  },
  "distinct_updater": 555,
  "top_updater": [
   [
    "0x86a457707c0a728ba33a9db0a49359d27ba1aade",
    7
   ],
   [
    "0xd69c6b0d7f77da35b1466b5c807af2566ba5327d",
    7
   ],
   [
    "0x1134f987fa3bc840e6f9dad43fb940ccabe3b6cb",
    6
   ],
   [
    "0x16986913dbb47b301901cdcd1bd48259baf3b0b9",
    4
   ],
   [
    "0x70bf872940afd3b3f6d40cf3628369c81190be65",
    3
   ],
   [
    "0xa3dc6dc36db9f7bea640ebb330e1f4871ae282ee",
    3
   ],
   [
    "0xade8b7e511dd3deef19fc3708777f849e84ccbdf",
    3
   ],
   [
    "0x43072ef5b53249e
