[moderato] registry/guard 2000000 events=0 calls=25 30s
[moderato] registry/guard 3219669 events=0 calls=50 75s
[moderato] registry/guard 5061374 events=0 calls=75 112s
[moderato] registry/guard 6215248 events=0 calls=100 158s
[moderato] registry/guard 8515248 events=0 calls=125 176s
[moderato] registry/guard 11015248 events=0 calls=150 185s
[moderato] registry/guard 13515248 events=0 calls=175 193s
[moderato] registry/guard 16015248 events=0 calls=200 202s
[moderato] registry/guard 18515248 events=0 calls=225 212s
[moderato] registry/guard 21015248 events=0 calls=250 229s
[moderato] registry/guard 23515248 events=256 calls=275 247s
[moderato] registry/guard 26015248 events=894 calls=300 267s
[moderato] registry/guard 28515248 events=5061 calls=325 298s
[moderato] registry/guard 30615248 events=11466 calls=350 343s
[moderato] registry/guard 33115248 events=16064 calls=375 378s
[moderato] registry/guard 35615248 events=22174 calls=400 416s
[moderato] registry/guard 38059506 events=32773 calls=425 462s
[moderato] to_guard=2781 741s
[moderato] looking up 3114 tx senders
{
 "net": "moderato",
 "fromBlock": 1,
 "toBlock": 38059506,
 "rpcCalls": 1415,
 "elapsedSec": 1330,
 "eventCountsAll": {
  "ReceivePolicyUpdated": 29657,
  "TransferBlocked": 2781,
  "ReceiptClaimed": 315,
  "ReceiptBurned": 20
 },
 "eventCountsExclOurs": {
  "ReceivePolicyUpdated": 29656,
  "TransferBlocked": 2778,
  "ReceiptClaimed": 315,
  "ReceiptBurned": 20
 },
 "transferBlocked": {
  "count": 2778,
  "byDay": {
   "2026-06-18": 67,
   "2026-06-19": 1,
   "2026-06-20": 32,
   "2026-06-22": 103,
   "2026-06-23": 26,
   "2026-06-24": 98,
   "2026-06-25": 17,
   "2026-06-26": 12,
   "2026-06-28": 4,
   "2026-06-30": 16,
   "2026-07-03": 28,
   "2026-07-04": 24,
   "2026-07-06": 2,
   "2026-07-07": 75,
   "2026-07-08": 5,
   "2026-07-09": 215,
   "2026-07-10": 28,
   "2026-07-11": 17,
   "2026-07-12": 1,
   "2026-07-13": 208,
   "2026-07-14": 171,
   "2026-07-15": 86,
   "2026-07-16": 364,
   "2026-07-17": 11,
   "2026-07-20": 14,
   "2026-07-21": 28,
   "2026-07-22": 30,
   "2026-07-23": 20,
   "2026-07-24": 10,
   "2026-07-25": 14,
   "2026-07-26": 15,
   "2026-07-27": 18,
   "2026-07-28": 5,
   "2026-07-29": 16,
   "2026-07-30": 11,
   "2026-07-31": 71,
   "2026-08-01": 9,
   "2026-08-02": 39,
   "2026-08-03": 23,
   "2026-08-04": 36,
   "2026-08-05": 65,
   "2026-08-06": 9,
   "2026-08-07": 20,
   "2026-08-08": 2,
   "2026-08-10": 2,
   "2026-08-11": 9,
   "2026-08-12": 28,
   "2026-08-13": 1,
   "2026-08-14": 2,
   "2026-08-15": 6,
   "2026-08-16": 2,
   "2026-08-17": 9,
   "2026-08-19": 11,
   "2026-08-21": 11,
   "2026-08-25": 1,
   "2026-08-26": 1,
   "2026-08-27": 1,
   "2026-08-28": 1,
   "2026-08-29": 1,
   "2026-08-30": 1,
   "2026-08-31": 9,
   "2026-09-01": 1,
   "2026-09-02": 1,
   "2026-09-03": 18,
   "2026-09-08": 1,
   "2026-09-10": 11,
   "2026-09-11": 1,
   "2026-09-12": 2,
   "2026-09-13": 60,
   "2026-09-15": 6,
   "2026-09-16": 11,
   "2026-09-18": 7,
   "2026-09-20": 5,
   "2026-09-21": 12,
   "2026-09-22": 10,
   "2026-09-23": 54,
   "2026-09-24": 66,
   "2026-09-25": 11,
   "2026-09-26": 11,
   "2026-09-27": 9,
   "2026-09-30": 148,
   "2026-10-01": 77,
   "2026-10-02": 80,
   "2026-10-03": 14
  },
  "distinct_txFrom": 864,
  "top_txFrom": [
   [
    "0x5bc1473610754a5ca10749552b119df90c1a1877",
    1064
   ],
   [
    "0x3c44cdddb6a900fa2b585dd299e03d12fa4293bc",
    201
   ],
   [
    "0x90f79bf6eb2c4f870365e785982e1f101e93b906",
    144
   ],
   [
    "0xf39fd6e51aad88f6f4ce6ab8827279cfffb92266",
    101
   ],
   [
    "0x8977987dd430048cd14a20f76971b0d02d38e3d5",
    25
   ],
   [
    "0xd201c38a8945c0401f4ba19a997a0e379e0cfad6",
    16
   ],
   [
    "0x1615b7797f3f819703b705d76bf35caa11224a69",
    14
   ],
   [
    "0x949e55d8dfde402966e15678a3d0ad1da4acec4f",
    14
   ],
   [
    "0x67d61fb21095a74620513c39206858eccd34a9ab",
    13
   ],
   [
    "0xcd7cd953917ebd581ae30688144066d682fe53ce",
    13
   ]
  ],
  "distinct_originator": 865,
  "top_originator": [
   [
    "0x5bc1473610754a5ca10749552b119df90c1a1877",
    1064
   ],
   [
    "0x3c44cdddb6a900fa2b585dd299e03d12fa4293bc",
    201
   ],
   [
    "0x90f79bf6eb2c4f870365e785982e1f101e93b906",
    144
   ],
   [
    "0xf39fd6e51aad88f6f4ce6ab8827279cfffb92266",
    94
   ],
   [
    "0x8977987dd430048cd14a20f76971b0d02d38e3d5",
    25
   ],
   [
    "0x9867224f7c3ab4ce3ad4de704bf8469ede32c66a",
    18
   ],
   [
    "0xd201c38a8945c0401f4ba19a997a0e379e0cfad6",
    16
   ],
   [
    "0x1615b7797f3f819703b705d76bf35caa11224a69",
    14
   ],
   [
    "0x949e55d8dfde402966e15678a3d0ad1da4acec4f",
    14
   ],
   [
    "0x67d61fb21095a74620513c39206858eccd34a9ab",
    13
   ]
  ],
  "distinct_receiver": 600,
  "top_receiver": [
   [
    "0x70997970c51812dc3a010c7d01b50e0d17dc79c8",
    1656
   ],
   [
    "0xedaced839530f85591cc7b5db6c1d79a7e6563ed",
    134
   ],
   [
    "0x3c44cdddb6a900fa2b585dd299e03d12fa4293bc",
    59
   ],
   [
    "0x170f48756968c467738d1cc9c3bb63dde1eae892",
    41
   ],
   [
    "0x0934f10ded4d6c704b851fb381218214ee6dfa73",
    34
   ],
   [
    "0x15d34aaf54267db7d7c367839aaf71a00a2c6a65",
    26
   ],
   [
    "0x9e468c6a953ce54a688695779a6e05565fed06f3",
    16
   ],
   [
    "0x16f65ff4c8e6a6e1e20ee26cb03b338b28c08614",
    14
   ],
   [
    "0x5d339371229b337ffcec99b5f4795f466924c218",
    13
   ],
   [
    "0x1ca79bb61d1934a5a7fff3bc46ad6fc419a94365",
    11
   ]
  ],
  "distinct_token": 208,
  "top_token": [
   [
    "0x20c0000000000000000000000000000000000000",
    1048
   ],
   [
    "0x20c0000000000000000000000000000000000001",
    881
   ],
   [
    "0x20c0000000000000000000000000000000000003",
    280
   ],
   [
    "0x20c0000000000000000000000000000000000002",
    275
   ],
   [
    "0x20c00000000000000000000093aac7f905f97672",
    60
   ],
   [
    "0x20c0000000000000000000006a37da5c996874be",
    29
   ],
   [
    "0x20c00000000000000000000006250db04a7e07e4",
    2
   ],
   [
    "0x20c000000000000000000000e264899ccae46aab",
    2
   ],
   [
    "0x20c0000000000000000000007848ff87cdd88b87",
    2
   ],
   [
    "0x20c000000000000000000000693ac7fb706fd62e",
    1
   ]
  ],
  "distinct_blockedReason": 2,
  "top_blockedReason": [
   [
    "RECEIVE_POLICY",
    1772
   ],
   [
    "TOKEN_FILTER",
    1006
   ]
  ],
  "distinct_kind": 2,
  "top_kind": [
   [
    "TRANSFER",
    1641
   ],
   [
    "MINT",
    1137
   ]
  ]
 },
 "transferBlockedOurs": 3,
 "transferToGuard": {
  "count": 2778,
  "byDay": {
   "2026-06-18": 67,
   "2026-06-19": 1,
   "2026-06-20": 32,
   "2026-06-22": 103,
   "2026-06-23": 26,
   "2026-06-24": 98,
   "2026-06-25": 17,
   "2026-06-26": 12,
   "2026-06-28": 4,
   "2026-06-30": 16,
   "2026-07-03": 28,
   "2026-07-04": 24,
   "2026-07-06": 2,
   "2026-07-07": 75,
   "2026-07-08": 5,
   "2026-07-09": 215,
   "2026-07-10": 28,
   "2026-07-11": 17,
   "2026-07-12": 1,
   "2026-07-13": 208,
   "2026-07-14": 171,
   "2026-07-15": 86,
   "2026-07-16": 364,
   "2026-07-17": 11,
   "2026-07-20": 14,
   "2026-07-21": 28,
   "2026-07-22": 30,

