cargo:warning=rustc +succinct --version: "rustc 1.93.0-dev\n"
[sp1]  warning: patch `tempo-alloy v1.11.0 (/Users/hiroyusai/src/sworn/spikes/zone-spf/tempo/crates/alloy)` was not used in the crate graph
[sp1]  warning: patch `tempo-consensus v1.13.2 (/Users/hiroyusai/src/sworn/spikes/zone-spf/tempo/crates/consensus)` was not used in the crate graph
[sp1]  warning: patch `tempo-node v1.13.2 (/Users/hiroyusai/src/sworn/spikes/zone-spf/tempo/crates/node)` was not used in the crate graph
[sp1]  warning: patch `tempo-payload-types v1.13.2 (/Users/hiroyusai/src/sworn/spikes/zone-spf/tempo/crates/payload/types)` was not used in the crate graph
[sp1]  warning: patch `tempo-transaction-pool v1.13.2 (/Users/hiroyusai/src/sworn/spikes/zone-spf/tempo/crates/transaction-pool)` was not used in the crate graph
[sp1]  help: Check that the patched package version and available features are compatible
[sp1]        with the dependency requirements. If the patch has a different version from
[sp1]        what is locked in the Cargo.lock file, run `cargo update` to use the new
[sp1]        version. This may also occur with an optional dependency that is not enabled.
[sp1]     Compiling alloy-consensus v2.4.1
[sp1]     Compiling revm-context-interface v42.0.0
[sp1]     Compiling ark-ec v0.6.0
[sp1]     Compiling c-kzg v2.1.8 (/Users/hiroyusai/src/sworn/spikes/zone-spf/vendor/c-kzg)
[sp1]     Compiling zstd-safe v7.2.4
[sp1]     Compiling revm-database v42.0.0
[sp1]     Compiling alloy-genesis v2.4.1
[sp1]     Compiling alloy-chains v0.2.36
[sp1]     Compiling alloy-sol-macro v1.7.2
[sp1]     Compiling yoke v0.8.3
[sp1]     Compiling zerovec-derive v0.11.3
[sp1]     Compiling displaydoc v0.2.6
[sp1]     Compiling zstd v0.13.3
[sp1]     Compiling reth-zstd-compressors v0.6.0
[sp1]     Compiling alloy-sol-types v1.7.2
[sp1]     Compiling alloy-hardforks v0.4.8
[sp1]     Compiling futures-core v0.3.32
[sp1]     Compiling futures-sink v0.3.32
[sp1]     Compiling tokio v1.52.3
[sp1]     Compiling litemap v0.8.2
[sp1]     Compiling writeable v0.6.3
[sp1]     Compiling zerovec v0.11.6
[sp1]     Compiling semver v1.0.28
[sp1]     Compiling zerotrie v0.2.4
[sp1]  warning: c-kzg@2.1.8: warning: /opt/anaconda3/bin/arm64-apple-darwin20.0.0-ranlib: warning for library: /Users/hiroyusai/src/sworn/spikes/zone-spf/guest/target/elf-compilation/riscv64im-succinct-zkvm-elf/release/build/c-kzg-efaadb92e103762c/out/libckzg.a the table of contents is empty (no object file members in the library define global symbols)
[sp1]  warning: unused import: `core::ffi::CStr`
[sp1]    --> /Users/hiroyusai/src/sworn/spikes/zone-spf/vendor/c-kzg/bindings/rust/src/bindings/mod.rs:16:5
[sp1]     |
[sp1]  16 | use core::ffi::CStr;
[sp1]     |     ^^^^^^^^^^^^^^^
[sp1]     |
[sp1]     = note: `#[warn(unused_imports)]` (part of `#[warn(unused)]`) on by default
[sp1]  
[sp1]  warning: unused import: `alloc::ffi::CString`
[sp1]    --> /Users/hiroyusai/src/sworn/spikes/zone-spf/vendor/c-kzg/bindings/rust/src/bindings/mod.rs:23:5
[sp1]     |
[sp1]  23 | use alloc::ffi::CString;
[sp1]     |     ^^^^^^^^^^^^^^^^^^^
[sp1]  
[sp1]  warning: unused import: `std::path::Path`
[sp1]    --> /Users/hiroyusai/src/sworn/spikes/zone-spf/vendor/c-kzg/bindings/rust/src/bindings/mod.rs:25:5
[sp1]     |
[sp1]  25 | use std::path::Path;
[sp1]     |     ^^^^^^^^^^^^^^^
[sp1]  
[sp1]     Compiling revm-interpreter v42.0.0
[sp1]     Compiling revm-context v42.0.0
[sp1]  warning: `c-kzg` (lib) generated 3 warnings (run `cargo fix --lib -p c-kzg` to apply 3 suggestions)
[sp1]     Compiling rustc_version v0.4.1
[sp1]     Compiling toml_parser v1.1.2+spec-1.1.0
[sp1]     Compiling icu_normalizer_data v2.2.0
[sp1]     Compiling ark-bn254 v0.6.0
[sp1]     Compiling ark-bls12-381 v0.6.0
[sp1]     Compiling icu_properties_data v2.2.0
[sp1]     Compiling utf8_iter v1.0.4
[sp1]     Compiling strum_macros v0.27.2
[sp1]     Compiling revm-precompile v42.0.1
[sp1]     Compiling tinystr v0.8.3
[sp1]     Compiling reth-codecs v0.6.0
[sp1]     Compiling icu_locale_core v2.2.0
[sp1]     Compiling potential_utf v0.1.5
[sp1]     Compiling icu_collections v2.2.0
[sp1]     Compiling toml_datetime v1.1.1+spec-1.1.0
[sp1]     Compiling toml_edit v0.25.13+spec-1.1.0
[sp1]     Compiling strum v0.27.2
[sp1]     Compiling futures-channel v0.3.32
[sp1]     Compiling serde_spanned v1.1.1
[sp1]     Compiling revm-handler v42.0.1
[sp1]     Compiling icu_provider v2.2.0
[sp1]     Compiling proc-macro-crate v3.5.0
[sp1]     Compiling icu_normalizer v2.2.0
[sp1]     Compiling icu_properties v2.2.0
[sp1]     Compiling toml_datetime v0.7.5+spec-1.1.0
[sp1]     Compiling futures-macro v0.3.32
[sp1]     Compiling revm-inspector v42.0.1
[sp1]     Compiling fixed-map-derive v0.9.5
[sp1]     Compiling winnow v0.7.15
[sp1]     Compiling revm v42.0.1
[sp1]     Compiling alloy-evm v0.38.0
[sp1]     Compiling slab v0.4.12
[sp1]     Compiling futures-io v0.3.32
[sp1]     Compiling reth-primitives-traits v0.6.0 (/Users/hiroyusai/src/sworn/spikes/zone-spf/vendor/reth-primitives-traits)
[sp1]     Compiling commonware-macros-impl v2026.7.1
[sp1]     Compiling toml_writer v1.1.2+spec-1.1.0
[sp1]     Compiling futures-task v0.3.32
[sp1]     Compiling idna_adapter v1.2.2
[sp1]     Compiling itertools v0.12.1
[sp1]     Compiling toml v0.9.12+spec-1.1.0
[sp1]     Compiling futures-util v0.3.32
[sp1]     Compiling p3-util v0.4.3-succinct
[sp1]     Compiling ff v0.14.0
[sp1]     Compiling reth-trie-common v2.5.1 (https://github.com/paradigmxyz/reth?rev=5f02aa3#5f02aa39)
[sp1]     Compiling reth-ethereum-primitives v2.5.1 (https://github.com/paradigmxyz/reth?rev=5f02aa3#5f02aa39)
[sp1]     Compiling percent-encoding v2.3.2
[sp1]     Compiling fixed-map v0.9.5
[sp1]     Compiling cpubits v0.1.1
[sp1]     Compiling form_urlencoded v1.2.2
[sp1]     Compiling crypto-bigint v0.7.5
[sp1]     Compiling idna v1.1.0
[sp1]     Compiling reth-prune-types v2.5.1 (https://github.com/paradigmxyz/reth?rev=5f02aa3#5f02aa39)
[sp1]     Compiling inout v0.1.4
[sp1]     Compiling der v0.8.1
[sp1]     Compiling lock_api v0.4.14
[sp1]     Compiling p3-field v0.4.3-succinct
[sp1]     Compiling url v2.5.8
[sp1]     Compiling cipher v0.4.4
[sp1]     Compiling parking_lot_core v0.9.12
[sp1]     Compiling group v0.14.0
[sp1]     Compiling universal-hash v0.5.1
[sp1]     Compiling blake3 v1.8.5
[sp1]     Compiling rustc-hash v2.1.3
[sp1]     Compiling reth-stages-types v2.5.1 (https://github.com/paradigmxyz/reth?rev=5f02aa3#5f02aa39)
[sp1]     Compiling opaque-debug v0.3.1
[sp1]     Compiling base16ct v1.0.0
[sp1]     Compiling reth-network-peers v2.5.1 (https://github.com/paradigmxyz/reth?rev=5f02aa3#5f02aa39)
[sp1]     Compiling sec1 v0.8.1
[sp1]     Compiling commonware-macros v2026.7.1
[sp1]     Compiling reth-static-file-types v2.5.1 (https://github.com/paradigmxyz/reth?rev=5f02aa3#5f02aa39)
[sp1]     Compiling reth-ethereum-forks v2.5.1 (https://github.com/paradigmxyz/reth?rev=5f02aa3#5f02aa39)
[sp1]     Compiling constant_time_eq v0.4.2
[sp1]     Compiling reth-storage-errors v2.5.1 (https://github.com/paradigmxyz/reth?rev=5f02aa3#5f02aa39)
[sp1]     Compiling reth-chainspec v2.5.1 (https://github.com/paradigmxyz/reth?rev=5f02aa3#5f02aa39)
[sp1]     Compiling elliptic-curve v0.14.1
[sp1]     Compiling reth-db-models v2.5.1 (https://github.com/paradigmxyz/reth?rev=5f02aa3#5f02aa39)
[sp1]     Compiling futures-executor v0.3.32
[sp1]     Compiling commonware-codec-macros v2026.7.1
[sp1]     Compiling curve25519-dalek v5.0.0
[sp1]     Compiling hmac v0.13.0
[sp1]     Compiling pin-project-internal v1.1.13
[sp1]     Compiling futures v0.3.32
[sp1]     Compiling chacha20 v0.10.1
[sp1]     Compiling p3-maybe-rayon v0.4.3-succinct
[sp1]     Compiling hashbrown v0.14.5
[sp1]     Compiling rfc6979 v0.6.0
[sp1]     Compiling rand v0.10.2
[sp1]     Compiling commonware-codec v2026.7.1
[sp1]     Compiling commonware-formatting v2026.7.1
[sp1]     Compiling primefield v0.14.0
[sp1]     Compiling spki v0.8.0
[sp1]     Compiling wnaf v0.14.0
[sp1]     Compiling p3-symmetric v0.4.3-succinct
[sp1]     Compiling parking_lot v0.12.5
[sp1]     Compiling signature v3.0.0
[sp1]     Compiling dashmap v6.2.1
[sp1]     Compiling aead v0.5.2
[sp1]     Compiling hashbrown v0.16.1
[sp1]     Compiling ecdsa v0.17.0
[sp1]     Compiling primeorder v0.14.0
[sp1]     Compiling poly1305 v0.8.0
[sp1]     Compiling pin-project v1.1.13
[sp1]     Compiling commonware-parallel v2026.7.1
[sp1]     Compiling chacha20 v0.9.1
[sp1]     Compiling tempo-hardfork v1.11.0 (/Users/hiroyusai/src/sworn/spikes/zone-spf/tempo/crates/hardfork)
[sp1]     Compiling cmov v0.4.6
[sp1]     Compiling chacha20poly1305 v0.10.1
[sp1]     Compiling p3-matrix v0.4.3-succinct
[sp1]     Compiling x25519-dalek v3.0.0
[sp1]     Compiling ctutils v0.3.1
[sp1]     Compiling p256 v0.14.0
[sp1]     Compiling reth-execution-types v2.5.1 (https://github.com/paradigmxyz/reth?rev=5f02aa3#5f02aa39)
[sp1]     Compiling commonware-utils v2026.7.1
[sp1]     Compiling rapidhash v4.5.1
[sp1]     Compiling rand_chacha v0.10.0
[sp1]     Compiling crc-fast v1.10.0
[sp1]     Compiling fixedbitset v0.5.7
[sp1]     Compiling bytemuck v1.25.1
[sp1]     Compiling roaring v0.11.4
[sp1]     Compiling metrics v0.24.6
[sp1]     Compiling p3-dft v0.4.3-succinct
[sp1]     Compiling tokio-util v0.7.18
[sp1]     Compiling eyre v0.6.12
[sp1]     Compiling tokio-stream v0.1.18
[sp1]     Compiling p3-mds v0.4.3-succinct
[sp1]     Compiling commonware-math v2026.7.1
[sp1]     Compiling reth-db-api v2.5.1 (https://github.com/paradigmxyz/reth?rev=5f02aa3#5f02aa39)
[sp1]     Compiling tempo-contracts v1.11.0 (/Users/hiroyusai/src/sworn/spikes/zone-spf/tempo/crates/contracts)
[sp1]     Compiling indenter v0.3.4
[sp1]     Compiling base64 v0.22.1
[sp1]     Compiling gcd v2.3.0
[sp1]     Compiling commonware-cryptography v2026.7.1
[sp1]     Compiling p3-poseidon2 v0.4.3-succinct
[sp1]     Compiling reth-tokio-util v2.5.1 (https://github.com/paradigmxyz/reth?rev=5f02aa3#5f02aa39)
[sp1]     Compiling alloy-rpc-types-engine v2.4.1
[sp1]     Compiling alloy-core v1.6.0
[sp1]     Compiling reth-execution-errors v2.5.1 (https://github.com/paradigmxyz/reth?rev=5f02aa3#5f02aa39)
[sp1]     Compiling alloy v2.4.1
[sp1]     Compiling tempo-precompiles-macros v1.13.2 (/Users/hiroyusai/src/sworn/spikes/zone-spf/tempo/crates/precompiles-macros)
[sp1]     Compiling reth-storage-api v2.5.1 (https://github.com/paradigmxyz/reth?rev=5f02aa3#5f02aa39)
[sp1]     Compiling slop-symmetric v6.8.1
[sp1]     Compiling p3-challenger v0.4.3-succinct
[sp1]     Compiling slop-algebra v6.8.1
[sp1]     Compiling p3-koala-bear v0.4.3-succinct
[sp1]     Compiling fixed-cache v0.1.10
[sp1]     Compiling scoped-tls v1.0.1
[sp1]     Compiling reth-evm v2.5.1 (https://github.com/paradigmxyz/reth?rev=5f02aa3#5f02aa39)
[sp1]     Compiling slop-challenger v6.8.1
[sp1]     Compiling slop-poseidon2 v6.8.1
[sp1]     Compiling reth-consensus v2.5.1 (https://github.com/paradigmxyz/reth?rev=5f02aa3#5f02aa39)
[sp1]     Compiling zone-primitives v0.3.1 (/Users/hiroyusai/src/sworn/spikes/zone-spf/zones/crates/primitives)
[sp1]     Compiling polyval v0.6.2
[sp1]     Compiling p3-bn254-fr v0.4.3-succinct
[sp1]     Compiling reth-consensus-common v2.5.1 (https://github.com/paradigmxyz/reth?rev=5f02aa3#5f02aa39)
[sp1]     Compiling ghash v0.5.1
[sp1]     Compiling ctr v0.9.2
[sp1]     Compiling aes v0.8.4
[sp1]     Compiling zone-hardfork v0.3.1 (/Users/hiroyusai/src/sworn/spikes/zone-spf/zones/crates/hardfork)
[sp1]     Compiling slotmap v1.1.1
[sp1]     Compiling lazy_static v1.5.0
[sp1]     Compiling reth-ethereum-consensus v2.5.1 (https://github.com/paradigmxyz/reth?rev=5f02aa3#5f02aa39)
[sp1]     Compiling tempo-zone-contracts v0.3.1 (/Users/hiroyusai/src/sworn/spikes/zone-spf/zones/crates/contracts)
[sp1]     Compiling reth-evm-ethereum v2.5.1 (https://github.com/paradigmxyz/reth?rev=5f02aa3#5f02aa39)
[sp1]     Compiling slop-koala-bear v6.8.1
[sp1]     Compiling aes-gcm v0.10.3
[sp1]     Compiling reth-revm v2.5.1 (https://github.com/paradigmxyz/reth?rev=5f02aa3#5f02aa39)
[sp1]     Compiling bincode v1.3.3
[sp1]     Compiling slop-primitives v6.8.1
[sp1]     Compiling const-default v1.0.0
[sp1]     Compiling elf v0.7.4
[sp1]     Compiling rlsf v0.2.3
[sp1]     Compiling linked_list_allocator v0.10.6
[sp1]     Compiling tempo-dkg-onchain-artifacts v1.13.2 (/Users/hiroyusai/src/sworn/spikes/zone-spf/tempo/crates/dkg-onchain-artifacts)
[sp1]     Compiling sp1-zkvm v6.3.1
[sp1]     Compiling embedded-alloc v0.6.0
[sp1]     Compiling reth-trie-sparse v2.5.1 (https://github.com/paradigmxyz/reth?rev=5f02aa3#5f02aa39)
[sp1]     Compiling slop-bn254 v6.8.1
[sp1]     Compiling sp1-primitives v6.8.1
[sp1]     Compiling sp1-lib v6.8.1
[sp1]     Compiling tempo-primitives v1.11.0 (/Users/hiroyusai/src/sworn/spikes/zone-spf/tempo/crates/primitives)
[sp1]     Compiling tempo-chainspec v1.11.0 (/Users/hiroyusai/src/sworn/spikes/zone-spf/tempo/crates/chainspec)
[sp1]     Compiling tempo-precompiles v1.13.2 (/Users/hiroyusai/src/sworn/spikes/zone-spf/tempo/crates/precompiles)
[sp1]     Compiling zone-chainspec v0.3.1 (/Users/hiroyusai/src/sworn/spikes/zone-spf/zones/crates/chainspec)
[sp1]  error[E0658]: use of unstable library feature `array_windows`
[sp1]      --> /Users/hiroyusai/src/sworn/spikes/zone-spf/tempo/crates/precompiles/src/stablecoin_dex/mod.rs:1721:43
[sp1]       |
[sp1]  1721 |         for [token_in, token_out] in path.array_windows::<2>().copied() {
[sp1]       |                                           ^^^^^^^^^^^^^
[sp1]       |
[sp1]       = note: see issue #75027 <https://github.com/rust-lang/rust/issues/75027> for more information
[sp1]       = help: add `#![feature(array_windows)]` to the crate attributes to enable
[sp1]  
[sp1]  For more information about this error, try `rustc --explain E0658`.
[sp1]  error: could not compile `tempo-precompiles` (lib) due to 1 previous error
~/.sp1/bin/cargo-prove prove build --ignore-rust-version  164.99s user 10.26s system 626% cpu 27.976 total
EXIT 101
