cargo:warning=rustc +succinct --version: "rustc 1.93.0-dev\n"
[sp1]  warning: patch `tempo-alloy v1.11.0 (/Users/hiroyusai/src/sworn/spikes/zone-spf/tempo/crates/alloy)` was not used in the crate graph
[sp1]  warning: patch `tempo-consensus v1.13.2 (/Users/hiroyusai/src/sworn/spikes/zone-spf/tempo/crates/consensus)` was not used in the crate graph
[sp1]  warning: patch `tempo-node v1.13.2 (/Users/hiroyusai/src/sworn/spikes/zone-spf/tempo/crates/node)` was not used in the crate graph
[sp1]  warning: patch `tempo-payload-types v1.13.2 (/Users/hiroyusai/src/sworn/spikes/zone-spf/tempo/crates/payload/types)` was not used in the crate graph
[sp1]  warning: patch `tempo-transaction-pool v1.13.2 (/Users/hiroyusai/src/sworn/spikes/zone-spf/tempo/crates/transaction-pool)` was not used in the crate graph
[sp1]  help: Check that the patched package version and available features are compatible
[sp1]        with the dependency requirements. If the patch has a different version from
[sp1]        what is locked in the Cargo.lock file, run `cargo update` to use the new
[sp1]        version. This may also occur with an optional dependency that is not enabled.
[sp1]  warning: c-kzg@2.1.8: warning: /opt/anaconda3/bin/arm64-apple-darwin20.0.0-ranlib: warning for library: /Users/hiroyusai/src/sworn/spikes/zone-spf/guest/target/elf-compilation/riscv64im-succinct-zkvm-elf/release/build/c-kzg-efaadb92e103762c/out/libckzg.a the table of contents is empty (no object file members in the library define global symbols)
[sp1]  warning: unused import: `core::ffi::CStr`
[sp1]    --> /Users/hiroyusai/src/sworn/spikes/zone-spf/vendor/c-kzg/bindings/rust/src/bindings/mod.rs:16:5
[sp1]     |
[sp1]  16 | use core::ffi::CStr;
[sp1]     |     ^^^^^^^^^^^^^^^
[sp1]     |
[sp1]     = note: `#[warn(unused_imports)]` (part of `#[warn(unused)]`) on by default
[sp1]  
[sp1]  warning: unused import: `alloc::ffi::CString`
[sp1]    --> /Users/hiroyusai/src/sworn/spikes/zone-spf/vendor/c-kzg/bindings/rust/src/bindings/mod.rs:23:5
[sp1]     |
[sp1]  23 | use alloc::ffi::CString;
[sp1]     |     ^^^^^^^^^^^^^^^^^^^
[sp1]  
[sp1]  warning: unused import: `std::path::Path`
[sp1]    --> /Users/hiroyusai/src/sworn/spikes/zone-spf/vendor/c-kzg/bindings/rust/src/bindings/mod.rs:25:5
[sp1]     |
[sp1]  25 | use std::path::Path;
[sp1]     |     ^^^^^^^^^^^^^^^
[sp1]  
[sp1]  warning: `c-kzg` (lib) generated 3 warnings (run `cargo fix --lib -p c-kzg` to apply 3 suggestions)
[sp1]     Compiling tempo-precompiles v1.13.2 (/Users/hiroyusai/src/sworn/spikes/zone-spf/tempo/crates/precompiles)
[sp1]     Compiling tempo-revm v1.13.2 (/Users/hiroyusai/src/sworn/spikes/zone-spf/tempo/crates/revm)
[sp1]     Compiling zone-precompiles v0.3.1 (/Users/hiroyusai/src/sworn/spikes/zone-spf/zones/crates/precompiles)
[sp1]     Compiling tempo-evm v1.13.2 (/Users/hiroyusai/src/sworn/spikes/zone-spf/tempo/crates/evm)
[sp1]     Compiling zone-evm v0.3.1 (/Users/hiroyusai/src/sworn/spikes/zone-spf/zones/crates/evm)
[sp1]  warning: unused imports: `ConfigureEngineEvm`, `ExecutableTxIterator`, and `ExecutionCtxFor`
[sp1]    --> /Users/hiroyusai/src/sworn/spikes/zone-spf/zones/crates/evm/src/lib.rs:35:5
[sp1]     |
[sp1]  35 |     ConfigureEngineEvm, ConfigureEvm, EvmEnvFor, ExecutableTxIterator, ExecutionCtxFor,
[sp1]     |     ^^^^^^^^^^^^^^^^^^                           ^^^^^^^^^^^^^^^^^^^^  ^^^^^^^^^^^^^^^
[sp1]     |
[sp1]     = note: `#[warn(unused_imports)]` (part of `#[warn(unused)]`) on by default
[sp1]  
[sp1]  warning: unused import: `num::NonZeroU32`
[sp1]    --> /Users/hiroyusai/src/sworn/spikes/zone-spf/zones/crates/evm/src/lib.rs:43:5
[sp1]     |
[sp1]  43 |     num::NonZeroU32,
[sp1]     |     ^^^^^^^^^^^^^^^
[sp1]  
[sp1]     Compiling zone-spf v0.3.1 (/Users/hiroyusai/src/sworn/spikes/zone-spf/zones/crates/spf)
[sp1]  warning: `zone-evm` (lib) generated 2 warnings (run `cargo fix --lib -p zone-evm` to apply 2 suggestions)
[sp1]     Compiling zone-spf-guest v0.1.0 (/Users/hiroyusai/src/sworn/spikes/zone-spf/guest)
[sp1]  error: linking with `rust-lld` failed: exit status: 1
[sp1]    |
[sp1]    = note:  "rust-lld" "-flavor" "gnu" "/var/folders/8w/_x6bhyf94nlfpcmqbx4r27tc0000gp/T/rustcGBoVhk/symbols.o" "<17 object files omitted>" "--as-needed" "-Bstatic" "/Users/hiroyusai/src/sworn/spikes/zone-spf/guest/target/elf-compilation/riscv64im-succinct-zkvm-elf/release/deps/{libzone_spf-aba1ebd536136501,libreth_trie_sparse-24be88da80565ece,libslotmap-2d043a59660fd15f,libzone_evm-abf88a3e3655b2fe,libzone_chainspec-0dbb14534f935e7b,libzone_precompiles-b2fe2d13cbf014fb,libzone_hardfork-6f6e927b4e9db509,libaes_gcm-974a6c5e94bc059e,libctr-360280d85b2797a3,libghash-b02079409aef92e9,libpolyval-ff30a5ba9a4469ec,libaes-7896fbb97d695297,libtempo_zone_contracts-1efd5bee79a60ac4,libzone_primitives-7f444021f83f20f4,libtempo_evm-0c9ea8e89012d273,libtempo_dkg_onchain_artifacts-06a4f06e559a1277,libreth_ethereum_consensus-828299dbc658aa8f,libreth_consensus_common-ef2657893b158d51,libreth_consensus-e9f8b0fb17a4a8bd,libreth_evm_ethereum-09a88353ee29c7a5,libtempo_revm-60c00165d49d2a98,libtempo_precompiles-5b220b1bd908ef93,libscoped_tls-af889201691a46a4,libtempo_chainspec-1e6659b803ce0c65,libeyre-075b58827f19f144,libindenter-4c05e84fd66b084e,libtempo_primitives-e40ce92ba6bc27e2,libreth_db_api-7404cacdac606d36,libroaring-ddf7305666ca8584,libbytemuck-80e131d0b1aeb97b,libmetrics-30b88450cf3a1505,librapidhash-f81b435d1a3ccfa2,libcommonware_cryptography-87019ab23cf97346,libx25519_dalek-f00a27fe37cc4324,libcrc_fast-00ca9e126b2bca14}.rlib" "<sysroot>/lib/rustlib/riscv64im-succinct-zkvm-elf/lib/libpanic_abort-*.rlib" "/Users/hiroyusai/src/sworn/spikes/zone-spf/guest/target/elf-compilation/riscv64im-succinct-zkvm-elf/release/deps/{libchacha20poly1305-4354d4151b722c27,libchacha20-0d7851d803a2fb70,libpoly1305-685671ea9e858b21,libopaque_debug-c101bf06ca062fc9,libuniversal_hash-46aff8a69067e385,libaead-2c5788466e11d0bf,libcipher-b907a4b63033f607,libinout-99650dce71f15763,librand_chacha-ef5791dfe58b3253,libfixedbitset-15d898168d3ee4ac,libp256-26957be5f5718a8d,libprimeorder-36dea83e30f18763,libwnaf-86919410d287571e,libprimefield-fb40ffd6e5a7ad68,libecdsa-e383596cdbe3747a,librfc6979-ef43af1f5633b74c,libhmac-0276d33f3a61a75e,libspki-ac011741a657121c,libsignature-be744829c86e404f,libelliptic_curve-d28be0fdbac22867,libsec1-225985b137d36f83,libder-6ac5414192e2dace,libbase16ct-e1c08fcec4544d69,libgroup-0d10d863af7242a5,libff-088a6ed6d7509931,libcrypto_bigint-15b134f90ab7da41,libcpubits-e83a7f161f609ac8,libcurve25519_dalek-296cb5835df7845d,libctutils-0747f830567eb662,libcmov-cbae449c0f335119,libcommonware_math-c69aea9d5468fb52,libcommonware_utils-b415d16c04f9eafe,libparking_lot-18f33a59fb8e8ee9,libpin_project-1afffba2d300c046,libnum_rational-3b1157dbe4714b34,librand-45110e350e2da286,libchacha20-15f81e5cff5b3c16,libhashbrown-c376fc864ca17a4f,libcommonware_formatting-624099b238f17c5f,libcommonware_parallel-35bc6e04fe47aed7,libdashmap-eafdb368a1d2f0d9,liblock_api-fdea27b719a700f5,libscopeguard-59839505b1c02c5f,libhashbrown-72b2e093bc682522,libparking_lot_core-0cdb14619e439f5f,libfutures-ce81157907425ebf,libfutures_executor-1c467e8672695199,libcommonware_codec-90a4630867469fa5,libcommonware_macros-b5d2c86b60b4eb7f,libbase64-4bbf19ea5acff984,libtempo_contracts-f7e1b1edae0223f5,libtempo_hardfork-90e805bb492bfe16,liballoy-f35b614e25752ff2,liballoy_core-574f337efdc3b67c,libreth_revm-695a18151990c6e5,libreth_evm-f0a0266c43ee772e,libfixed_cache-8321fcdb2d13cf95,libreth_storage_api-ef24b05560be180c,libreth_tokio_util-4f66fbdf47a1ee75,libtokio_stream-b181634ada8c8c41,libtokio_util-50e1b983ac6e5346,libtokio-da22ef58aeac37a4,liballoy_rpc_types_engine-3d0b3808b9f012b6,libreth_db_models-230417e8fb7e7305,libreth_execution_types-d0773898002d24da,libreth_ethereum_primitives-b4b3c7b0028a601d,libfutures_util-7bce29f3523da800,libfutures_io-86574400bafb5a15,libslab-4d9d48f397d659ff,libfutures_channel-50be198e7a149443,libfutures_sink-3fe736158dcc610c,libfutures_task-412caf0ae4fd29bd,libfutures_core-1fde4ac838d4e04b,libreth_execution_errors-2f17773f5b09d22d,libreth_storage_errors-f0cbb7ae070e7f77,libreth_static_file_types-6f54802028c1ba36,libfixed_map-70a8502fbce5c739,libreth_stages_types-f48e624d41c8ee8a,libreth_trie_common-ec95c536ac0c308a,libreth_prune_types-9eb5d0188724d22d,libstrum-3ff5bbcc29b6739c,libreth_chainspec-a5c86c84571edeb6,liballoy_evm-ed21d9329098e961,liballoy_sol_types-b1a5896fabcf2790,liballoy_json_abi-c0c0c5a901f17f2a,liballoy_sol_type_parser-2be543b6510a62e3,libwinnow-72f2af904dd6d3b9,librevm-8cfb0f9fdca8593c,librevm_inspector-f6a4abccf847dbb5,librevm_handler-570aae33aefefd94,librevm_precompile-023b4b86409d2b26,libaurora_engine_modexp-29e68bad26027791,libp256-92a73f39255416ff,libprimeorder-c47dcce61a63a439,libc_kzg-fbbaf0d4b541bd4a,libblst-2bed0920c4b7de3c,libripemd-792dc27a1a38a727,libsha2-8d89a2832b167d9b,libark_bn254-048de9eff90791cc,libark_bls12_381-ee9c295a46520520,libark_ec-9eaf3a072018999f,libark_poly-f3a87566bcd75467,libahash-2100c4e1a95d487d,libark_ff-601dee2330a48660,libark_serialize-390635c62e51cd1a,libark_std-c23d7df0fbe4aa5d,librevm_interpreter-51345e6e3de5d0e3,librevm_database-9415b5bb72a2e423,librevm_context-6403b5f0822b3a94,librevm_context_interface-9cda35a72b026329,librevm_database_interface-0efa82eee9fdcd2d,libreth_primitives_traits-fcae1bd1a200ea8e,libreth_codecs-fb3c0fea0cef5edc,libparity_scale_codec-5883da5ee9c49072,libbyte_slice_cast-8b99937664f49c5e,libconst_format-941c8fc44c103196,libkonst-fda16728bbaf50c2,libkonst_macro_rules-21c498502ec7c7bb,libreth_zstd_compressors-b69035c52237a4e3,libzstd-5591e3411442ee2d,libzstd_safe-a2f97d13d81599bb,libzstd_sys-8824f66993ed0604,libmodular_bitfield-494e67b54ecd879b,libstatic_assertions-03e92e030726b5db,librayon-2f995752f95330df,librayon_core-bd6d596aa5356302,libcrossbeam_deque-f28f8347ed3d419c,libcrossbeam_epoch-8ceff1dfe637f89b,libcrossbeam_utils-84b99119355091c6,librevm_state-ae54645e9423b9cc,libbitflags-884520558d6da29f,libnonmax-66802eac13203c47,librevm_bytecode-e55ad1bdc07c6e3e,librevm_primitives-6d105845708ff022,libreth_network_peers-f544a4ddb6b4d86d,liburl-8b85d0ee48895b40,libidna-cd9fcb0a33057dc0,libidna_adapter-91f4d83cd3870c79,libicu_properties-893c3766a48c0907,libicu_properties_data-bdc4bfd59b8f956b,libicu_normalizer-832ef9033832024f,libicu_normalizer_data-e2ab64cbcc8aa6fa,libicu_collections-dcb77ad83eeb123f,libutf8_iter-554a4f1f62e69cf5,libpotential_utf-99567743e3046c97,libicu_provider-534a97f8c8c8fbc4,libicu_locale_core-d764f9ca9e6c66a2,libtinystr-4c14d6d46876af06,liblitemap-0c93d3f19138972c,libwriteable-709a5c9340efb01a,libzerovec-5c093bb6e95f77f2,libzerotrie-a1fe254ddda5664a,libyoke-7b9cbaea66583c75,libstable_deref_trait-817dd80935fd202e,libzerofrom-bdf05a7a08e9a557,libform_urlencoded-2d55e42ab39d0326,libpercent_encoding-dfff490f60df0fa1,libreth_ethereum_forks-2eb2da24a04b916e,librustc_hash-d0e44c26ae3a302e,liballoy_hardforks-156f08aa7f7312e8,libdyn_clone-9e04aff26f68852e,liballoy_chains-b3aead436bed70ba,libnum_enum-78f5eae6b7bd8e92,libphf-00e4436619ecf158,libphf_shared-a9b10066785d8022,libsiphasher-96130539a00d0838,liballoy_consensus-49a6764ba4007b36,libsecp256k1-2cc8384790a8650b,libsecp256k1_sys-b78809194e827cd5,liballoy_genesis-287f2cba82e25ac3,liballoy_trie-7dced699ff75f275,libnybbles-23dda8d3449d545d,libsmallvec-e2da3069adde6319,liballoy_eips-9dba55cde4f9d255,liballoy_serde-388e499ac3d7f792,libserde_json-7683b52776e65860,libmemchr-5a4f0bf9c485abe8,libzmij-2f8c80f8f7249d7e,liballoy_eip7928-6e870560ef2828f2,liballoy_eip7702-9d191f41aaf74914,libserde_with-8bd572fb709f65d3,liballoy_eip2930-085fa2848633eb59,liballoy_eip2124-512f3a17ab2259ee,libthiserror-20f96c16bae8fa0d,libcrc-620752b9ebd0ca6f,libcrc_catalog-759d7113cb2328fc,liballoy_primitives-0c146a8905980ca6,libsecp256k1-72be8cafdbf9be0b,libsecp256k1_sys-a83c576633d27d6e,libitoa-612f73e81af61c38,libindexmap-071e3d70bd449815,libequivalent-8521b252fc73c813,libhashbrown-b272453185e999d4,liballocator_api2-8e1a80681e68d47b,libfoldhash-737f6ce8a750e520,libconst_hex-cbe17e3ca2496231,libderive_more-3ff1228bac07b703,libk256-7bc4e38b49fecbbc,libecdsa-825b1ace3946543a,librfc6979-b590db1ede10c796,libsignature-1441205da6eeb5f1,libelliptic_curve-e9effa5374c94846,libpkcs8-7b9994f0a4d63840,libspki-cbec5b653a6f9cc2,libsec1-3067cca08b65ad75,libder-ebe077ae4a760c7f,libhkdf-d6ad46326b1eeb79,libhmac-83b81c3ffa76066e,libcrypto_bigint-1ba78ccfc84c4b4b,libserdect-d1f60b7734f59e99,libbase16ct-1e85e61b8abffaad,libgroup-3794275799b480e0,libruint-9bb1e99b00c5890b,liballoy_rlp-64415e7f74c1cbf4,libbytes-3496a968eddfb031,libsha3-ec0f214095b358a3,libkeccak-9575136e4af2dac4,libdigest-81db2213827be659,libctutils-886e7c99a2a07e9f,libcmov-45e981dd6bb8d89f,libconst_oid-0ce32cd9078ec53f,libcrypto_common-16ae1ef1ece7b600,libgetrandom-91564c8bd6c5bb84,librand_core-6b646a95780fe1ef,libblock_buffer-92b04a80d93c80f4,libhybrid_array-2078f200b570a3c5,libsp1_zkvm-b251e9db08e31053,libgetrandom-59f47bcf1c32335f,liblibm-2d9e2b411684cf42,libsp1_lib-845541d921eec404,libsp1_primitives-8cc72ad5acd920b8,libbincode-1e19986ec6c46f4b,libblake3-97c59c0dbb6b8056,libconstant_time_eq-0c9bb3382ceee9e0,libarrayvec-2ffcba248e497e43,libarrayref-86485761d73a3348,libhex-b5001b8a426a36ad,libslop_primitives-ad3625a2e8832aee,libsha2-a1b64d7d49174b74,libdigest-a5b62f8d5c8da287,libconst_oid-304e9a1251ff166a,libblock_buffer-a293f8c29e6d6a58,libcrypto_common-9ebf41ecb95d359d,libgeneric_array-1d62af084e1e073a,libtypenum-71a3e16b68c4e84f,libzeroize-2283a5dde548b4ec,libelf-ed05c0cd03476171,libslop_koala_bear-dca3724c21b94df3,libp3_koala_bear-6a497de81d32d646,libslop_bn254-b4e629ea1d9a2a87,libslop_poseidon2-a8b21530cf97b70f,libslop_challenger-27b6a0a74cc30f6a,libslop_symmetric-f4caed6f0d8323bf,libp3_challenger-cbe6b8636cd4a524,libp3_bn254_fr-d890430a33e02cad,libff-1d7800d4e8b53a7a,libbyteorder-4a54c9698b0e05b4,libbitvec-7be5448e4abb93cb,libwyz-77369ad1b7f6a6da,libtap-6618bbb3cf0d63c2,libradium-0f4878faef128758,libfunty-22a683ce49d4289e,libsubtle-4608794d84fd2fc6,libp3_poseidon2-5f76c7bb4b29f405,libgcd-7913d82adc2640c6,libp3_mds-dbcca17a0588fb25,libp3_dft-ed5401b065763291,libtracing-8161916af4d0d001,libpin_project_lite-688ca7b2af628dc1,libtracing_core-014ce9723e75f463,libonce_cell-dbd6093268a4d7a4,libportable_atomic-bf867e32de1530e7,libp3_matrix-e83fe2749d89d6be,libp3_maybe_rayon-bc3b25817dd9554c,libp3_symmetric-f4512faac839bbb7,libslop_algebra-80294cf1ba147873,libitertools-9de6d9fed08e38b0,libp3_field-cd272d4857c59c88,libp3_util-8f6ee729530e0f4c,librand-f1a1f801073e7e07,librand_chacha-c55e5afc0a90ec74,libppv_lite86-675120dcc19fcc11,libzerocopy-d9f5b3dde8835075,librand_core-e93164cfd338c174,libgetrandom-ea76be0999ece18e,libnum_bigint-8b6054e2eee2514c,libnum_integer-bbc2d69967615670,libnum_traits-1e7a7018837c3501,libitertools-c7ee4e0f2831affd,libeither-ccf2983fc6c19768,liblazy_static-3f029d3de1322b5a,libserde-983686ba3d76a9af,libserde_core-909305f5d2606146,libembedded_alloc-4093174dc5fcedd5,librlsf-67f44c9c4d30232d,libconst_default-cfa7d53f23ef9784,liblinked_list_allocator-33f9a09a8cdeebb1,libcritical_section-ad683c0b18d3d95e,libcfg_if-6a0ba118739c574a}.rlib" "<sysroot>/lib/rustlib/riscv64im-succinct-zkvm-elf/lib/{libstd-*,libcfg_if-*,librustc_demangle-*,libstd_detect-*,libhashbrown-*,librustc_std_workspace_alloc-*,libminiz_oxide-*,libadler2-*,libunwind-*,liblibc-*,librustc_std_workspace_core-*,liballoc-*,libcore-*,libcompiler_builtins-*}.rlib" "-L" "/var/folders/8w/_x6bhyf94nlfpcmqbx4r27tc0000gp/T/rustcGBoVhk/raw-dylibs" "-Bdynamic" "-z" "noexecstack" "-L" "/Users/hiroyusai/src/sworn/spikes/zone-spf/guest/target/elf-compilation/riscv64im-succinct-zkvm-elf/release/build/secp256k1-sys-6abf63b1e0cc63bc/out" "-L" "/Users/hiroyusai/src/sworn/spikes/zone-spf/guest/target/elf-compilation/riscv64im-succinct-zkvm-elf/release/build/secp256k1-sys-3994a51eb880dbb7/out" "-L" "/Users/hiroyusai/src/sworn/spikes/zone-spf/guest/target/elf-compilation/riscv64im-succinct-zkvm-elf/release/build/blst-da9d3cd85d8a58ac/out" "-L" "/Users/hiroyusai/src/sworn/spikes/zone-spf/guest/target/elf-compilation/riscv64im-succinct-zkvm-elf/release/build/c-kzg-efaadb92e103762c/out" "-L" "/Users/hiroyusai/src/sworn/spikes/zone-spf/guest/target/elf-compilation/riscv64im-succinct-zkvm-elf/release/build/zstd-sys-526720313c1260a6/out" "-o" "/Users/hiroyusai/src/sworn/spikes/zone-spf/guest/target/elf-compilation/riscv64im-succinct-zkvm-elf/release/deps/zone_spf_guest-d0fdbe1a5a6c1e63" "--gc-sections" "-O1" "--strip-debug" "--image-base=2013265920"
[sp1]    = note: some arguments are omitted. use `--verbose` to show all linker arguments
[sp1]    = note: rust-lld: error: undefined symbol: malloc
[sp1]            >>> referenced by ckzg.c
[sp1]            >>>               98490c8781b409d2-ckzg.o:(c_kzg_malloc) in archive /Users/hiroyusai/src/sworn/spikes/zone-spf/guest/target/elf-compilation/riscv64im-succinct-zkvm-elf/release/deps/libc_kzg-fbbaf0d4b541bd4a.rlib
[sp1]            
[sp1]            rust-lld: error: undefined symbol: calloc
[sp1]            >>> referenced by ckzg.c
[sp1]            >>>               98490c8781b409d2-ckzg.o:(c_kzg_calloc) in archive /Users/hiroyusai/src/sworn/spikes/zone-spf/guest/target/elf-compilation/riscv64im-succinct-zkvm-elf/release/deps/libc_kzg-fbbaf0d4b541bd4a.rlib
[sp1]            
[sp1]            rust-lld: error: undefined symbol: free
[sp1]            >>> referenced by ckzg.c
[sp1]            >>>               98490c8781b409d2-ckzg.o:(bit_reversal_permutation) in archive /Users/hiroyusai/src/sworn/spikes/zone-spf/guest/target/elf-compilation/riscv64im-succinct-zkvm-elf/release/deps/libc_kzg-fbbaf0d4b541bd4a.rlib
[sp1]            >>> referenced by ckzg.c
[sp1]            >>>               98490c8781b409d2-ckzg.o:(bit_reversal_permutation) in archive /Users/hiroyusai/src/sworn/spikes/zone-spf/guest/target/elf-compilation/riscv64im-succinct-zkvm-elf/release/deps/libc_kzg-fbbaf0d4b541bd4a.rlib
[sp1]            >>> referenced by ckzg.c
[sp1]            >>>               98490c8781b409d2-ckzg.o:(bit_reversal_permutation) in archive /Users/hiroyusai/src/sworn/spikes/zone-spf/guest/target/elf-compilation/riscv64im-succinct-zkvm-elf/release/deps/libc_kzg-fbbaf0d4b541bd4a.rlib
[sp1]            >>> referenced 21 more times
[sp1]            
[sp1]  
[sp1]  error: could not compile `zone-spf-guest` (bin "zone-spf-guest") due to 1 previous error
~/.sp1/bin/cargo-prove prove build --ignore-rust-version  53.67s user 1.37s system 391% cpu 14.074 total
EXIT 101
