    Finished `release` profile [optimized] target(s) in 0.24s
etched SP1Verifier (6741 bytes) at 0x2c77329747b7c8b293514a6129404d4cefdd9b18
wrote /tmp/sworn-localnet/genesis.json chainId=42431 timestamp=1791009042 next_activation=1791468000
localnet up on :8546 after 2s: {"jsonrpc":"2.0","id":1,"result":"0xa5bf"}
OVERRIDE (drifted chain for S-4): {'t12Time': 1791471600}
etched SP1Verifier (6741 bytes) at 0x2c77329747b7c8b293514a6129404d4cefdd9b18
wrote /tmp/sworn-localnet-drift/genesis.json chainId=42431 timestamp=1791009043 next_activation=1791471600
localnet up on :8547 after 2s: {"jsonrpc":"2.0","id":1,"result":"0xa5bf"}
TARGET local rpc http://127.0.0.1:8546
CHECK SETUP.verifier PASS Sworn.SP1_VERIFIER=0x2c77329747b7C8B293514A6129404D4cefDd9B18 has 6741 bytes, VERIFIER_HASH=0x4388a21c687fdd5f218d7e3d13190cac4c5355818d3605fd5fb811df468ee696 (SP1 v6.1.0 Groth16)
CHECK SETUP.vkey PASS Sworn.GUEST_VKEY=0x00727936ca684413200b13362eeb1c4a173a847466026678438ccca724ea7fa9
TX approve 0xabd8405912bdbe8fc89d029f45ed5052bb700b7fe894614f1c7181531be2e11f (local chain, no explorer)
TX bond 0xd6583e0cab9f411e2f03498a5b091f8b8223f2af0e68f2aa834562ff7354e644 (local chain, no explorer)
TX approve 0x7f623e715023b25cc3ccb4faeec873773ac06807079a0d42a7a0b222b5569859 (local chain, no explorer)
TX bond 0x228426f1ad4447a9e5521c9e2cd06f0129118f57b536012ff7f8fbbba8b8f361 (local chain, no explorer)
TX approve 0x79281288a9994e2a360a3afdb0ff4600ab7cd8370a9b5f321af495a26984bd8b (local chain, no explorer)
TX setReceivePolicy 0x7741fc9e24c8b5a0e6c0e6f5ac6a1e2e6a48a8bb9303c37d5a24f9c92d28f65c (local chain, no explorer)
CHECK SETUP.receivePolicy PASS validateReceivePolicy(AlphaUSD, client, R')=(false, reason 2=RECEIVE_POLICY)
CHECK SETUP.bond PASS honest server free bond 10000000000
  06:30:55 deployment: {"rpc":"http://127.0.0.1:8546","sworn":"0x5fbdb2315678afecb367f032d93f642f64180aa3","swornCodehash":"0x9082880d4e3d089b7513f642f5b865a8ba28265108cf98e6bc9ca467d7205563","otherSworn":"0xe7f1725e7734ce288f8367e1bb143e90bb3f0512","verifier":"0x2c77329747b7C8B293514A6129404D4cefDd9B18","honestServer":"0x70997970C51812dc3A010C7d01b50e0d17dc79C8","dishonestServer":"0x3C44CdDdB6a900fa2b585dd299e03d12FA4293BC","client":"0x90F79bf6EB2c4f870365E785982E1f101E93b906","challenger":"0x15d34AAf54267DB7D7c367839AAf71A00a2C6A65","blockingReceiver":"0x9965507D1a55bcC2695C58ba16FB37d819B0A4dc","plainReceiver":"0x976EA74026E726554dB657fA54763abd0C3a0aa9","nonReserveTx":"0x79281288a9994e2a360a3afdb0ff4600ab7cd8370a9b5f321af495a26984bd8b"}
[server honest] sworn server (honest) 0x70997970C51812dc3A010C7d01b50e0d17dc79C8 on :8787, contract 0x5FbDB2315678afecb367f032d93F642f64180aa3
[server dishonest-demo] sworn server (dishonest-demo) 0x3C44CdDdB6a900fa2b585dd299e03d12FA4293BC on :8788, contract 0x5FbDB2315678afecb367f032d93F642f64180aa3
  06:30:59 honest response: {"question":{"blockHash":"0x2e04ddf063f5a9b3395db231f9c17c6c469476bb5a3ceff0abe4b82ef5abf82b","blockNumber":"15","chainId":"42431","data":"0xa9059cbb000000000000000000000000976ea74026e726554db657fa54763abd0c3a0aa9000000000000000000000000000000000000000000000000000000001dcd6500","feeToken":"0x20c0000000000000000000000000000000000000","from":"0x90f79bf6eb2c4f870365e785982e1f101e93b906","gasLimit":"3000000","token":"0x20c0000000000000000000000000000000000001"},"answer":{"feeCharged":"717","gasUsed":"292042","receiver":"0x976ea74026e726554db657fa54763abd0c3a0aa9","receiverAfter":"18446744074209551615","receiverBefore":"18446744073709551615","returnDataHash":"0xb10e2d527612073b26eecdfd717e6a320cf44b4afac2b0732d9fcbe2b7fa0cf6","success":true},"digest":"0x557d9171c6c0f42b0ffca030c0c615b58031d185c5cfbbde714c4ad852b10169","reserveTx":"0xd5451d8d5feb6149727d6efa37e066fb872c789f578a64ca4f4088959dc6d160","coverage":"500000000","mode":"honest"}
  06:30:59 MPP payment: {"txHash":"0x7601680198f9ff3fb71eaba88eed96f7d7ef3fe53496d33afd2f8ac7fb0b62f1","amount":"0.01","currency":"0x20c0000000000000000000000000000000000000","receipt":{"fundingCurrency":"0x20c0000000000000000000000000000000000000","method":"tempo","status":"success","timestamp":"2026-10-03T06:30:57.992Z","reference":"0x7601680198f9ff3fb71eaba88eed96f7d7ef3fe53496d33afd2f8ac7fb0b62f1"}}
TX S-1-mpp-charge 0x7601680198f9ff3fb71eaba88eed96f7d7ef3fe53496d33afd2f8ac7fb0b62f1 (local chain, no explorer)
TX S-1-reserve 0xd5451d8d5feb6149727d6efa37e066fb872c789f578a64ca4f4088959dc6d160 (local chain, no explorer)
CHECK S-1.mpp PASS MPP tempo charge paid, tx 0x7601680198f9ff3fb71eaba88eed96f7d7ef3fe53496d33afd2f8ac7fb0b62f1 (0.01 of 0x20c0000000000000000000000000000000000000)
CHECK S-1.reserved PASS reserveTx 0xd5451d8d5feb6149727d6efa37e066fb872c789f578a64ca4f4088959dc6d160 digest 0x557d9171c6c0f42b0ffca030c0c615b58031d185c5cfbbde714c4ad852b10169 coverage 500000000
CHECK S-1.sdkVerify PASS §3.1–3.4 passed: question=asked, R3.3, Reserved by 0x70997970C51812dc3A010C7d01b50e0d17dc79C8 for client=self, digest local==digestOf==event, GUEST_VKEY pinned, reservation Active
CHECK S-1.witness PASS witness protected in 482 ms; answer matches own witness: true; receiver +500000000
CHECK S-1.honestNotOutOfGas PASS success true, gasUsed 292042 < gasLimit 3000000 with ≥2× headroom (DEFAULT_GAS_LIMIT 3000000, 9.7% used)
  06:30:59 S-1 total 2227 ms
CHECK S-3.wrongClient PASS rejected with WRONG_CLIENT: Reserved.client 0x90F79bf6EB2c4f870365E785982E1f101E93b906 != self 0x15d34AAf54267DB7D7c367839AAf71A00a2C6A65
CHECK S-3.digestMismatch PASS rejected with DIGEST_MISMATCH: Reserved.digest 0x557d9171c6c0f42b0ffca030c0c615b58031d185c5cfbbde714c4ad852b10169 != digest(q, a) 0xdf21c8d7f37768e13f07ddbbf4d176b90de4492b97
CHECK S-3.otherContract PASS rejected with WRONG_CONTRACT: response names 0xe7f1725e7734ce288f8367e1bb143e90bb3f0512, expected 0x5fbdb2315678afecb367f032d93f642f64180aa3
CHECK S-3.unknownVkey PASS rejected with VKEY: response guestVkey 0x2222222222222222222222222222222222222222222222222222222222222222 != contract 0x00727936ca684413200b13362eeb1c4a173a847466026678438ccc
CHECK S-3.unknownVkeyPinned PASS rejected with VKEY: contract GUEST_VKEY 0x00727936ca684413200b13362eeb1c4a173a847466026678438ccca724ea7fa9 != pinned 0x3333333333333333333333333333333333333333333333333333333
CHECK S-3.missingReservation PASS rejected with NO_RESERVATION: no Reserved event from 0x5fbdb2315678afecb367f032d93f642f64180aa3 in 0x79281288a9994e2a360a3afdb0ff4600ab7cd8370a9b5f321af495a26984bd8b
CHECK S-3.r33ReceiverIsSender PASS rejected with RULE_R33: receiver == from
CHECK S-3.r33RefusedBeforePaying PASS rejected with RULE_R33: receiver == from
CHECK S-3.r33NotTip20 PASS rejected with RULE_R33: token 0x1111111111111111111111111111111111111111 is not a TIP-20 address
CHECK S-3.controlAccepts PASS unmodified response verifies
  06:31:01 dishonest response: {"answer":{"feeCharged":"1997","gasUsed":"1053491","receiver":"0x9965507d1a55bcc2695c58ba16fb37d819b0a4dc","receiverAfter":"18446744074209549929","receiverBefore":"18446744073709549929","returnDataHash":"0xb10e2d527612073b26eecdfd717e6a320cf44b4afac2b0732d9fcbe2b7fa0cf6","success":true},"lie":{"claimed":"18446744074209549929","field":"receiverAfter","note":"DISHONEST DEMO: this answer is deliberately wrong so that it can be challenged","true":"18446744073709549929"},"digest":"0x1c5d35c153a3442c74a2883aea40b192552f0a7ba2f56d102a51a92930bcbb32","reserveTx":"0xfb7be8c1ad7be173efe37f40788b69ce69de7b8c2412e8e9d507ef712dad54ae"}
TX S-2-mpp-charge 0x266e8c118ce59b090ff06093f7fd86b96a6a5cb5b02dc2a9e8144fa154b58295 (local chain, no explorer)
TX S-2-reserve 0xfb7be8c1ad7be173efe37f40788b69ce69de7b8c2412e8e9d507ef712dad54ae (local chain, no explorer)
CHECK S-2.dishonestReserved PASS dishonest-demo reserve 0xfb7be8c1ad7be173efe37f40788b69ce69de7b8c2412e8e9d507ef712dad54ae, claims receiverAfter 18446744074209549929
CHECK S-2.witness PASS witness protected in 68 ms; true receiverAfter 18446744073709549929 vs claimed 18446744074209549929
TX S-2-real-payment 0x563b5fb68326f9f5cc8508a225610509b265c932bdb61d7e9e58dd114bb295c1 (local chain, no explorer)
  06:31:02 real payment 0x563b5fb68326f9f5cc8508a225610509b265c932bdb61d7e9e58dd114bb295c1 status success gasUsed 1042691 block 19; guard 0->500000000; R' 18446744073709549929->18446744073709549929
CHECK S-2.trueAnswerIsDiversion PASS true answer success=true gasUsed 1053491/3000000 (headroom 2.85×, need ≥2×) receiverAfter==receiverBefore: true; real payment 0x563b5fb68326f9f5cc8508a225610509b265c932bdb61d7e9e58dd114bb295c1 (success, gasUsed 1042691) at block 19: ReceivePolicyGuard +500000000, R' +0
  06:31:02 phase proving
  06:31:02 [sworn-challenge] fields that differ: ["receiverAfter"]
  06:37:23 PROVE groth16 wall: 364.266500041s
  06:37:23 proof pv match: true
  06:37:24 verify ok (202.448959ms)
  06:37:25 phase submitting
  06:37:26 challenge result: {"challenger":"0x15d34aaf54267db7d7c367839aaf71a00a2c6a65","fieldsDiffering":["receiverAfter"],"gasUsed":"0x88a59","ok":true,"proof":"/tmp/sworn-e2e-1791009048642/dishonest.proof.json","proveWallSecs":382.874506375,"slashedEvent":true,"status":"0x1","trueAnswer":{"feeCharged":"1997","gasUsed":"1053491","receiver":"0x9965507d1a55bcc2695c58ba16fb37d819b0a4dc","receiverAfter":"18446744073709549929","receiverBefore":"18446744073709549929","returnDataHash":"0xb10e2d527612073b26eecdfd717e6a320cf44b4afac2b0732d9fcbe2b7fa0cf6","success":true},"txHash":"0xb93f00ac593da8ff8e84f51f73cca3abb46c89b1368d4645a305025daf80f1cc","vkey":"0x00727936ca684413200b13362eeb1c4a173a847466026678438ccca724ea7fa9"}
TX S-2-challenge 0xb93f00ac593da8ff8e84f51f73cca3abb46c89b1368d4645a305025daf80f1cc (local chain, no explorer)
CHECK S-2.challengePays PASS challenge tx 0xb93f00ac593da8ff8e84f51f73cca3abb46c89b1368d4645a305025daf80f1cc status 0x1, Slashed event true, client pathUSD +500000000 (coverage 500000000), proving 383 s, total 384 s, phases proving>submitting
CHECK S-2.slashedState PASS reservation status 2 (2 = Slashed)
  06:37:26 [sworn-challenge] fields that differ: []
  06:46:46 PROVE groth16 wall: 381.213783167s
  06:46:47 [sworn-challenge] dry-run (eth_call only, nothing sent): {"error":"AnswerCorrect","reverted":true}
  06:46:47 honest challenge result: {"dryRun":{"error":"AnswerCorrect","reverted":true},"fieldsDiffering":[],"proof":"/tmp/sworn-e2e-1791009048642/honest.proof.json","proveWallSecs":397.43278475,"trueAnswer":{"feeCharged":"717","gasUsed":"292042","receiver":"0x976ea74026e726554db657fa54763abd0c3a0aa9","receiverAfter":"18446744074209551615","receiverBefore":"18446744073709551615","returnDataHash":"0xb10e2d527612073b26eecdfd717e6a320cf44b4afac2b0732d9fcbe2b7fa0cf6","success":true},"vkey":"0x00727936ca684413200b13362eeb1c4a173a847466026678438ccca724ea7fa9"}
CHECK S-2.honestReverts PASS honest challenge with a real Groth16 proof (397 s): simulation reverted AnswerCorrect; nothing sent
CHECK S-4.matchingScheduleAnswers PASS same schedule as the guest → answers (checked 16 forks)
CHECK S-4.liveDriftRefused PASS exit 3: fork schedule mismatch: T12: live activation 1791471600 != guest 1791468000
E2E DONE failures=0 work=/tmp/sworn-e2e-1791009048642
    Finished `release` profile [optimized] target(s) in 0.74s
     Running unittests src/lib.rs (target/release/deps/sworn_answerer-feaf1182f07d6a74)
     Running unittests src/main.rs (target/release/deps/sworn_answer-8405ef22e67f0133)
   Doc-tests sworn_answerer
ok   SETUP.verifier
ok   SETUP.vkey
ok   SETUP.receivePolicy
ok   SETUP.bond
ok   S-1.mpp
ok   S-1.reserved
ok   S-1.sdkVerify
ok   S-1.witness
ok   S-1.honestNotOutOfGas
ok   S-2.dishonestReserved
ok   S-2.witness
ok   S-2.trueAnswerIsDiversion
ok   S-2.challengePays
ok   S-2.slashedState
ok   S-2.honestReverts
ok   S-3.wrongClient
ok   S-3.digestMismatch
ok   S-3.otherContract
ok   S-3.unknownVkey
ok   S-3.unknownVkeyPinned
ok   S-3.missingReservation
ok   S-3.r33ReceiverIsSender
ok   S-3.r33RefusedBeforePaying
ok   S-3.r33NotTip20
ok   S-3.controlAccepts
ok   S-4.matchingScheduleAnswers
ok   S-4.liveDriftRefused
ok   tests::s4_accepts_identical_schedule
ok   tests::s4_refuses_changed_activation
ok   tests::s4_refuses_extra_live_fork
ok   tests::s4_refuses_missing_live_fork
ok   tests::s4_refuses_activation_within_max_age
set: local  required: 32  verdict: PASS
