TARGET moderato rpc https://rpc.moderato.tempo.xyz
CHECK SETUP.chain PASS chain id 42431 at https://rpc.moderato.tempo.xyz
CHECK SETUP.codehash PASS Sworn 0xc54b7e52B42F6150dA72c1147d25e8DDf83c02c6 codehash 0x9082880d4e3d089b7513f642f5b865a8ba28265108cf98e6bc9ca467d7205563 (recorded 0x9082880d4e3d089b7513f642f5b865a8ba28265108cf98e6bc9ca467d7205563)
CHECK SETUP.verifier PASS Sworn.SP1_VERIFIER=0x2c77329747b7C8B293514A6129404D4cefDd9B18, VERIFIER_HASH=0x4388a21c687fdd5f218d7e3d13190cac4c5355818d3605fd5fb811df468ee696 (SP1 v6.1.0 Groth16)
CHECK SETUP.vkey PASS Sworn.GUEST_VKEY=0x00727936ca684413200b13362eeb1c4a173a847466026678438ccca724ea7fa9
  06:47:47 balance deployer/challenger/R' 0x05B4E2B72c173C47213fA3EaC33a9bcb1af25901: pathUSD 999999989903, AlphaUSD 1000000000000
  06:47:47 balance honest 0xa5a4889b1693CBFDC6d0b701a128F5bBEEcb84f5: pathUSD 1000000000000, AlphaUSD 1000000000000
  06:47:48 balance dishonest 0xD49c5ef3aD21b42f664ba65a7694D56C47535261: pathUSD 1000000000000, AlphaUSD 1000000000000
  06:47:48 balance client 0x7919dD536679de2F2ecA143C38cEF8cFD4764b7F: pathUSD 1000000000000, AlphaUSD 1000000000000
CHECK SETUP.clientFunded PASS client AlphaUSD 1000000000000 (needs ≥ 1000000000 for two 500 questions and one real payment)
TX approve-honest 0x87e3bf9d9c540b0ed5e6dd2d1bf727e2e853e25f1825e9ba0f6f6e29251a5d19 https://explore.testnet.tempo.xyz/tx/0x87e3bf9d9c540b0ed5e6dd2d1bf727e2e853e25f1825e9ba0f6f6e29251a5d19
TX bond-honest 0x0bdf58aee91e88542703ab44ec8e1f5242e2cf5b0c39d65a70c32f592259bffa https://explore.testnet.tempo.xyz/tx/0x0bdf58aee91e88542703ab44ec8e1f5242e2cf5b0c39d65a70c32f592259bffa
TX approve-dishonest 0xfa97d222570c8dc3a5c3d3a0c10783089fe807f845269d18ccce6db5ee513d1a https://explore.testnet.tempo.xyz/tx/0xfa97d222570c8dc3a5c3d3a0c10783089fe807f845269d18ccce6db5ee513d1a
TX bond-dishonest 0xec71c2a8e3e4afb162369e1d3e35fb9a7073a17a9266de44868c034b7c207222 https://explore.testnet.tempo.xyz/tx/0xec71c2a8e3e4afb162369e1d3e35fb9a7073a17a9266de44868c034b7c207222
TX setReceivePolicy 0xe5eb14c602c734753ccb52b65aa21f589c92d0e2fe142a3ce5513cfdb2fac172 https://explore.testnet.tempo.xyz/tx/0xe5eb14c602c734753ccb52b65aa21f589c92d0e2fe142a3ce5513cfdb2fac172
CHECK SETUP.receivePolicy PASS validateReceivePolicy(AlphaUSD, client, R'=0x05B4E2B72c173C47213fA3EaC33a9bcb1af25901)=(false, reason 2=RECEIVE_POLICY)
CHECK SETUP.bond PASS free bond honest 2000000000, dishonest 2000000000 (each needs ≥ coverage 500000000)
  06:47:56 deployment: {"rpc":"https://rpc.moderato.tempo.xyz","sworn":"0xc54b7e52B42F6150dA72c1147d25e8DDf83c02c6","swornCodehash":"0x9082880d4e3d089b7513f642f5b865a8ba28265108cf98e6bc9ca467d7205563","otherSworn":"0x2c77329747b7C8B293514A6129404D4cefDd9B18","verifier":"0x2c77329747b7C8B293514A6129404D4cefDd9B18","honestServer":"0xa5a4889b1693CBFDC6d0b701a128F5bBEEcb84f5","dishonestServer":"0xD49c5ef3aD21b42f664ba65a7694D56C47535261","client":"0x7919dD536679de2F2ecA143C38cEF8cFD4764b7F","challenger":"0x05B4E2B72c173C47213fA3EaC33a9bcb1af25901","blockingReceiver":"0x05B4E2B72c173C47213fA3EaC33a9bcb1af25901","plainReceiver":"0xD49c5ef3aD21b42f664ba65a7694D56C47535261","nonReserveTx":"0x9b8afab9a20a780023737b2511bb75f09b9ddc92c4625cd3e6bf384979910f33"}
[server honest] sworn server (honest) 0xa5a4889b1693CBFDC6d0b701a128F5bBEEcb84f5 on :8787, contract 0xc54b7e52B42F6150dA72c1147d25e8DDf83c02c6
[server dishonest-demo] sworn server (dishonest-demo) 0xD49c5ef3aD21b42f664ba65a7694D56C47535261 on :8788, contract 0xc54b7e52B42F6150dA72c1147d25e8DDf83c02c6
  06:48:18 honest response: {"question":{"blockHash":"0x1713887c7456a4f6f9918e835dbcde492a011907247535c83fda423eac6731eb","blockNumber":"37956326","chainId":"42431","data":"0xa9059cbb000000000000000000000000d49c5ef3ad21b42f664ba65a7694d56c47535261000000000000000000000000000000000000000000000000000000001dcd6500","feeToken":"0x20c0000000000000000000000000000000000000","from":"0x7919dd536679de2f2eca143c38cef8cfd4764b7f","gasLimit":"3000000","token":"0x20c0000000000000000000000000000000000001"},"answer":{"feeCharged":"174","gasUsed":"289942","receiver":"0xd49c5ef3ad21b42f664ba65a7694d56c47535261","receiverAfter":"1000500000000","receiverBefore":"1000000000000","returnDataHash":"0xb10e2d527612073b26eecdfd717e6a320cf44b4afac2b0732d9fcbe2b7fa0cf6","success":true},"digest":"0x68f8b9f5d5cc398a3d1695b733ad8069013f3bd6286b76a694e74eed60c12453","reserveTx":"0xb2bf1aec2cf0214b7b266c01984b3d27974b9f959d8c211c6008800bea6c7529","coverage":"500000000","mode":"honest"}
  06:48:18 MPP payment: {"txHash":"0x6b387b841220f07362de4f78d16e393aedfc2fcf9b44f420315a153a9199d34d","amount":"0.01","currency":"0x20c0000000000000000000000000000000000000","receipt":{"fundingCurrency":"0x20c0000000000000000000000000000000000000","method":"tempo","status":"success","timestamp":"2026-10-03T06:48:01.791Z","reference":"0x6b387b841220f07362de4f78d16e393aedfc2fcf9b44f420315a153a9199d34d"}}
TX S-1-mpp-charge 0x6b387b841220f07362de4f78d16e393aedfc2fcf9b44f420315a153a9199d34d https://explore.testnet.tempo.xyz/tx/0x6b387b841220f07362de4f78d16e393aedfc2fcf9b44f420315a153a9199d34d
TX S-1-reserve 0xb2bf1aec2cf0214b7b266c01984b3d27974b9f959d8c211c6008800bea6c7529 https://explore.testnet.tempo.xyz/tx/0xb2bf1aec2cf0214b7b266c01984b3d27974b9f959d8c211c6008800bea6c7529
CHECK S-1.mpp PASS MPP tempo charge paid, tx 0x6b387b841220f07362de4f78d16e393aedfc2fcf9b44f420315a153a9199d34d (0.01 of 0x20c0000000000000000000000000000000000000)
CHECK S-1.reserved PASS reserveTx 0xb2bf1aec2cf0214b7b266c01984b3d27974b9f959d8c211c6008800bea6c7529 digest 0x68f8b9f5d5cc398a3d1695b733ad8069013f3bd6286b76a694e74eed60c12453 coverage 500000000
CHECK S-1.sdkVerify PASS §3.1–3.4 passed: question=asked, R3.3, Reserved by 0xa5a4889b1693CBFDC6d0b701a128F5bBEEcb84f5 for client=self, digest local==digestOf==event, GUEST_VKEY pinned, reservation Active
CHECK S-1.witness PASS witness protected in 8710 ms; answer matches own witness: true; receiver +500000000
CHECK S-1.honestNotOutOfGas PASS success true, gasUsed 289942 < gasLimit 3000000 with ≥2× headroom (DEFAULT_GAS_LIMIT 3000000, 9.7% used)
  06:48:18 S-1 total 18853 ms
CHECK S-3.wrongClient PASS rejected with WRONG_CLIENT: Reserved.client 0x7919dD536679de2F2ecA143C38cEF8cFD4764b7F != self 0x05B4E2B72c173C47213fA3EaC33a9bcb1af25901
CHECK S-3.digestMismatch PASS rejected with DIGEST_MISMATCH: Reserved.digest 0x68f8b9f5d5cc398a3d1695b733ad8069013f3bd6286b76a694e74eed60c12453 != digest(q, a) 0x0f35c7916493cca8fc948e24c21545c5cfbff169d1
CHECK S-3.otherContract PASS rejected with WRONG_CONTRACT: response names 0x2c77329747b7C8B293514A6129404D4cefDd9B18, expected 0xc54b7e52B42F6150dA72c1147d25e8DDf83c02c6
CHECK S-3.unknownVkey PASS rejected with VKEY: response guestVkey 0x2222222222222222222222222222222222222222222222222222222222222222 != contract 0x00727936ca684413200b13362eeb1c4a173a847466026678438ccc
CHECK S-3.unknownVkeyPinned PASS rejected with VKEY: contract GUEST_VKEY 0x00727936ca684413200b13362eeb1c4a173a847466026678438ccca724ea7fa9 != pinned 0x3333333333333333333333333333333333333333333333333333333
CHECK S-3.missingReservation PASS rejected with NO_RESERVATION: no Reserved event from 0xc54b7e52B42F6150dA72c1147d25e8DDf83c02c6 in 0x9b8afab9a20a780023737b2511bb75f09b9ddc92c4625cd3e6bf384979910f33
CHECK S-3.r33ReceiverIsSender PASS rejected with RULE_R33: receiver == from
CHECK S-3.r33RefusedBeforePaying PASS rejected with RULE_R33: receiver == from
CHECK S-3.r33NotTip20 PASS rejected with RULE_R33: token 0x1111111111111111111111111111111111111111 is not a TIP-20 address
CHECK S-3.controlAccepts PASS unmodified response verifies
  06:48:44 dishonest response: {"answer":{"feeCharged":"333","gasUsed":"554791","receiver":"0x05b4e2b72c173c47213fa3eac33a9bcb1af25901","receiverAfter":"1000500000000","receiverBefore":"1000000000000","returnDataHash":"0xb10e2d527612073b26eecdfd717e6a320cf44b4afac2b0732d9fcbe2b7fa0cf6","success":true},"lie":{"claimed":"1000500000000","field":"receiverAfter","note":"DISHONEST DEMO: this answer is deliberately wrong so that it can be challenged","true":"1000000000000"},"digest":"0x65311be71c61d321e2e4b7d7a3e9ee6ed9acbdfb8a5a13e6427c61b2a41275a6","reserveTx":"0x08f614340b1a6a7fe07dfc3923341332a33d9e9174e41c9847372a11cdb20350"}
TX S-2-mpp-charge 0xcd10fcf3a52a7c77889695a014f5decedbb7c6133abb6e24e25c582071759d7f https://explore.testnet.tempo.xyz/tx/0xcd10fcf3a52a7c77889695a014f5decedbb7c6133abb6e24e25c582071759d7f
TX S-2-reserve 0x08f614340b1a6a7fe07dfc3923341332a33d9e9174e41c9847372a11cdb20350 https://explore.testnet.tempo.xyz/tx/0x08f614340b1a6a7fe07dfc3923341332a33d9e9174e41c9847372a11cdb20350
CHECK S-2.dishonestReserved PASS dishonest-demo reserve 0x08f614340b1a6a7fe07dfc3923341332a33d9e9174e41c9847372a11cdb20350, claims receiverAfter 1000500000000
CHECK S-2.witness PASS witness protected in 8755 ms; true receiverAfter 1000000000000 vs claimed 1000500000000
TX S-2-real-payment 0x65bc66fa56f866149348cc5f7346bf4fe9345cf819642269870a94bf8183312a https://explore.testnet.tempo.xyz/tx/0x65bc66fa56f866149348cc5f7346bf4fe9345cf819642269870a94bf8183312a
  06:48:46 real payment 0x65bc66fa56f866149348cc5f7346bf4fe9345cf819642269870a94bf8183312a status success gasUsed 545991 block 37956399; guard 1057971164394811->1057971664394811; R' 1000000000000->1000000000000
CHECK S-2.trueAnswerIsDiversion PASS true answer success=true gasUsed 554791/3000000 (headroom 5.41×, need ≥2×) receiverAfter==receiverBefore: true; real payment 0x65bc66fa56f866149348cc5f7346bf4fe9345cf819642269870a94bf8183312a (success, gasUsed 545991) at block 37956399: ReceivePolicyGuard +500000000, R' +0
  06:48:47 phase proving
  06:48:47 [sworn-challenge] fields that differ: ["receiverAfter"]
  06:55:39 PROVE groth16 wall: 397.787804917s
  06:55:40 proof pv match: true
  06:55:40 verify ok (198.154208ms)
  06:55:41 phase submitting
  06:55:44 challenge result: {"challenger":"0x05b4e2b72c173c47213fa3eac33a9bcb1af25901","fieldsDiffering":["receiverAfter"],"gasUsed":"0x497dd","ok":true,"proof":"/tmp/sworn-moderato-20261003T064745Z/dishonest.proof.json","proveWallSecs":413.6662725,"slashedEvent":true,"status":"0x1","trueAnswer":{"feeCharged":"333","gasUsed":"554791","receiver":"0x05b4e2b72c173c47213fa3eac33a9bcb1af25901","receiverAfter":"1000000000000","receiverBefore":"1000000000000","returnDataHash":"0xb10e2d527612073b26eecdfd717e6a320cf44b4afac2b0732d9fcbe2b7fa0cf6","success":true},"txHash":"0xa7b90b8cd4909bcdae03e5e78281ceeabda7d2976e692d33888f4f006924ab9b","vkey":"0x00727936ca684413200b13362eeb1c4a173a847466026678438ccca724ea7fa9"}
TX S-2-challenge 0xa7b90b8cd4909bcdae03e5e78281ceeabda7d2976e692d33888f4f006924ab9b https://explore.testnet.tempo.xyz/tx/0xa7b90b8cd4909bcdae03e5e78281ceeabda7d2976e692d33888f4f006924ab9b
CHECK S-2.challengePays PASS challenge tx 0xa7b90b8cd4909bcdae03e5e78281ceeabda7d2976e692d33888f4f006924ab9b status 0x1, Slashed event true, client pathUSD +500000000 (coverage 500000000), proving 414 s, total 417 s, phases proving>submitting
CHECK S-2.slashedState PASS reservation status 2 (2 = Slashed)
  06:55:44 [sworn-challenge] fields that differ: []
  07:43:31 PROVE groth16 wall: 433.147947292s
  07:43:32 honest challenge result: {"ok":false,"error":"no JSON output (exit null): RN\u001b[0m \u001b[1mignoring uninitialized slice\u001b[0m \u001b[36mslice name=\u001b[0mVars \u001b[36mslice type=\u001b[0m[]frontend.Variable\n\u001b[90m16:43:31\u001b[0m \u001b[33mWRN\u001b[0m \u001b[1mignoring uninitialized slice\u001b[0m \u001b[36mslice name=\u001b[0mVars \u001b[36mslice type=\u001b[0m[]frontend.Variable\n\u001b[90m16:43:31\u001b[0m DBG verifier done \u001b[36mbackend=\u001b[0mgroth16 \u001b[36mcurve=\u001b[0mbn254 \u001b[36mtook=\u001b[0m1.407042\nPROVE groth16 wall: 433.147947292s\nproof pv match: true\nverify ok (203.079208ms)\nfixture written: /tmp/sworn-moderato-20261003T064745Z/honest.proof.json\n"}
CHECK S-2.honestReverts FAIL honest challenge with a real Groth16 proof (0 s): simulation did NOT revert; nothing sent
CHECK S-4.matchingScheduleAnswers PASS same schedule as the guest → answers (checked 16 forks)
  07:43:39 S-4 live drift is a local-only check (a drifted chain cannot be made on Moderato); its unit tests run in the gate
E2E DONE failures=1 work=/tmp/sworn-moderato-20261003T064745Z
--- gate ---
