cargo:warning=rustc +succinct --version: "rustc 1.93.0-dev\n"
[sp1]  warning: patch `tempo-alloy v1.11.0 (/Users/hiroyusai/src/sworn/spikes/zone-spf/tempo/crates/alloy)` was not used in the crate graph
[sp1]  warning: patch `tempo-consensus v1.13.2 (/Users/hiroyusai/src/sworn/spikes/zone-spf/tempo/crates/consensus)` was not used in the crate graph
[sp1]  warning: patch `tempo-node v1.13.2 (/Users/hiroyusai/src/sworn/spikes/zone-spf/tempo/crates/node)` was not used in the crate graph
[sp1]  warning: patch `tempo-payload-types v1.13.2 (/Users/hiroyusai/src/sworn/spikes/zone-spf/tempo/crates/payload/types)` was not used in the crate graph
[sp1]  warning: patch `tempo-transaction-pool v1.13.2 (/Users/hiroyusai/src/sworn/spikes/zone-spf/tempo/crates/transaction-pool)` was not used in the crate graph
[sp1]  help: Check that the patched package version and available features are compatible
[sp1]        with the dependency requirements. If the patch has a different version from
[sp1]        what is locked in the Cargo.lock file, run `cargo update` to use the new
[sp1]        version. This may also occur with an optional dependency that is not enabled.
[sp1]  warning: unused import: `core::ffi::CStr`
[sp1]    --> /Users/hiroyusai/src/sworn/spikes/zone-spf/vendor/c-kzg/bindings/rust/src/bindings/mod.rs:16:5
[sp1]     |
[sp1]  16 | use core::ffi::CStr;
[sp1]     |     ^^^^^^^^^^^^^^^
[sp1]     |
[sp1]     = note: `#[warn(unused_imports)]` (part of `#[warn(unused)]`) on by default
[sp1]  
[sp1]  warning: unused import: `alloc::ffi::CString`
[sp1]    --> /Users/hiroyusai/src/sworn/spikes/zone-spf/vendor/c-kzg/bindings/rust/src/bindings/mod.rs:23:5
[sp1]     |
[sp1]  23 | use alloc::ffi::CString;
[sp1]     |     ^^^^^^^^^^^^^^^^^^^
[sp1]  
[sp1]  warning: unused import: `std::path::Path`
[sp1]    --> /Users/hiroyusai/src/sworn/spikes/zone-spf/vendor/c-kzg/bindings/rust/src/bindings/mod.rs:25:5
[sp1]     |
[sp1]  25 | use std::path::Path;
[sp1]     |     ^^^^^^^^^^^^^^^
[sp1]  
[sp1]  warning: `c-kzg` (lib) generated 3 warnings (run `cargo fix --lib -p c-kzg` to apply 3 suggestions)
[sp1]  warning: unused imports: `ConfigureEngineEvm`, `ExecutableTxIterator`, and `ExecutionCtxFor`
[sp1]    --> /Users/hiroyusai/src/sworn/spikes/zone-spf/zones/crates/evm/src/lib.rs:35:5
[sp1]     |
[sp1]  35 |     ConfigureEngineEvm, ConfigureEvm, EvmEnvFor, ExecutableTxIterator, ExecutionCtxFor,
[sp1]     |     ^^^^^^^^^^^^^^^^^^                           ^^^^^^^^^^^^^^^^^^^^  ^^^^^^^^^^^^^^^
[sp1]     |
[sp1]     = note: `#[warn(unused_imports)]` (part of `#[warn(unused)]`) on by default
[sp1]  
[sp1]  warning: unused import: `num::NonZeroU32`
[sp1]    --> /Users/hiroyusai/src/sworn/spikes/zone-spf/zones/crates/evm/src/lib.rs:43:5
[sp1]     |
[sp1]  43 |     num::NonZeroU32,
[sp1]     |     ^^^^^^^^^^^^^^^
[sp1]  
[sp1]  warning: `zone-evm` (lib) generated 2 warnings (run `cargo fix --lib -p zone-evm` to apply 2 suggestions)
[sp1]      Finished `release` profile [optimized] target(s) in 0.40s
cargo:rustc-env=SP1_ELF_zone-spf-guest=/Users/hiroyusai/src/sworn/spikes/zone-spf/guest/target/elf-compilation/riscv64im-succinct-zkvm-elf/release/zone-spf-guest
ELF: /Users/hiroyusai/src/sworn/spikes/zone-spf/guest/target/elf-compilation/riscv64im-succinct-zkvm-elf/release/zone-spf-guest
