warning: patch `tempo-alloy v1.11.0 (/Users/hiroyusai/src/sworn/spikes/zone-spf/tempo/crates/alloy)` was not used in the crate graph
warning: patch `tempo-consensus v1.13.2 (/Users/hiroyusai/src/sworn/spikes/zone-spf/tempo/crates/consensus)` was not used in the crate graph
warning: patch `tempo-node v1.13.2 (/Users/hiroyusai/src/sworn/spikes/zone-spf/tempo/crates/node)` was not used in the crate graph
warning: patch `tempo-payload-types v1.13.2 (/Users/hiroyusai/src/sworn/spikes/zone-spf/tempo/crates/payload/types)` was not used in the crate graph
warning: patch `tempo-transaction-pool v1.13.2 (/Users/hiroyusai/src/sworn/spikes/zone-spf/tempo/crates/transaction-pool)` was not used in the crate graph
help: Check that the patched package version and available features are compatible
      with the dependency requirements. If the patch has a different version from
      what is locked in the Cargo.lock file, run `cargo update` to use the new
      version. This may also occur with an optional dependency that is not enabled.
   Compiling proc-macro2 v1.0.106
   Compiling unicode-ident v1.0.24
   Compiling quote v1.0.46
   Compiling libc v0.2.186
   Compiling cfg-if v1.0.4
   Compiling serde_core v1.0.228
   Compiling serde v1.0.228
   Compiling typenum v1.20.1
   Compiling subtle v2.6.1
   Compiling version_check v0.9.5
   Compiling find-msvc-tools v0.1.9
   Compiling shlex v2.0.1
   Compiling rand_core v0.10.1
   Compiling getrandom v0.4.3
   Compiling const-oid v0.9.6
   Compiling portable-atomic v1.13.1
   Compiling critical-section v1.2.0
   Compiling itoa v1.0.18
   Compiling generic-array v0.14.7
   Compiling cmov v0.5.4
   Compiling ctutils v0.4.2
   Compiling const-oid v0.10.2
   Compiling paste v1.0.15
   Compiling allocator-api2 v0.2.21
   Compiling foldhash v0.2.0
   Compiling equivalent v1.0.2
   Compiling pin-project-lite v0.2.17
   Compiling unicode-xid v0.2.6
   Compiling autocfg v1.5.1
   Compiling thiserror v2.0.18
   Compiling unicode-segmentation v1.13.3
   Compiling ruint-macro v1.2.1
   Compiling convert_case v0.10.0
   Compiling memchr v2.8.3
   Compiling libm v0.2.16
   Compiling base16ct v0.2.0
   Compiling num-traits v0.2.19
   Compiling zerocopy v0.8.54
   Compiling log v0.4.33
   Compiling jobserver v0.1.35
   Compiling getrandom v0.2.17
   Compiling syn v2.0.119
   Compiling cc v1.2.67
   Compiling rand_core v0.6.4
   Compiling cpufeatures v0.2.17
   Compiling cpufeatures v0.3.0
   Compiling ff v0.13.1
   Compiling group v0.13.0
   Compiling keccak v0.2.0
   Compiling once_cell v1.21.4
   Compiling const-hex v1.19.1
   Compiling hashbrown v0.17.1
   Compiling tracing-core v0.1.36
   Compiling zmij v1.0.23
   Compiling getrandom v0.3.4
   Compiling secp256k1-sys v0.11.0
   Compiling indexmap v2.14.0
   Compiling bitflags v2.13.0
   Compiling serde_json v1.0.150
   Compiling winnow v1.0.4
   Compiling ident_case v1.0.1
   Compiling strsim v0.11.1
   Compiling ahash v0.8.12
   Compiling pkg-config v0.3.33
   Compiling crossbeam-utils v0.8.22
   Compiling futures-core v0.3.32
   Compiling parking_lot_core v0.9.12
   Compiling scopeguard v1.2.0
   Compiling lock_api v0.4.14
   Compiling num-integer v0.1.46
   Compiling blst v0.3.16
   Compiling num_cpus v1.17.0
   Compiling threadpool v1.8.1
   Compiling futures-sink v0.3.32
   Compiling num-bigint v0.4.8
   Compiling serde_derive v1.0.228
   Compiling zeroize_derive v1.5.0
   Compiling thiserror-impl v2.0.18
   Compiling zeroize v1.9.0
   Compiling derive_more-impl v2.1.1
   Compiling zerocopy-derive v0.8.54
   Compiling alloy-rlp-derive v0.3.16
   Compiling tracing-attributes v0.1.31
   Compiling auto_impl v1.3.0
   Compiling tracing v0.1.44
   Compiling num-rational v0.4.2
   Compiling hybrid-array v0.4.13
   Compiling crypto-common v0.1.7
   Compiling block-buffer v0.10.4
   Compiling der v0.7.10
   Compiling digest v0.10.7
   Compiling crypto-bigint v0.5.5
   Compiling derive_more v2.1.1
   Compiling hmac v0.12.1
   Compiling crypto-common v0.2.2
   Compiling block-buffer v0.12.1
   Compiling hkdf v0.12.4
   Compiling rfc6979 v0.4.0
   Compiling signature v2.2.0
   Compiling sha2 v0.10.9
   Compiling crossbeam-epoch v0.9.20
   Compiling digest v0.11.3
   Compiling spki v0.7.3
   Compiling pkcs8 v0.10.2
   Compiling bytes v1.12.1
   Compiling smallvec v1.15.2
   Compiling arrayvec v0.7.8
   Compiling serdect v0.2.0
   Compiling either v1.16.0
   Compiling sec1 v0.7.3
   Compiling alloy-rlp v0.3.16
   Compiling sha3 v0.11.0
   Compiling darling_core v0.23.0
   Compiling elliptic-curve v0.13.8
   Compiling radium v0.7.0
   Compiling dunce v1.0.5
   Compiling ecdsa v0.16.9
   Compiling rustversion v1.0.23
   Compiling parking_lot v0.12.5
   Compiling sha2 v0.11.0
   Compiling synstructure v0.13.2
   Compiling k256 v0.13.4
   Compiling ruint v1.20.0
   Compiling secp256k1 v0.31.1
   Compiling crossbeam-deque v0.8.7
   Compiling arrayref v0.3.9
   Compiling tap v1.0.1
   Compiling ppv-lite86 v0.2.21
   Compiling wyz v0.5.1
   Compiling errno v0.3.14
   Compiling crc-catalog v2.5.0
   Compiling funty v2.0.0
   Compiling rayon-core v1.13.0
   Compiling signal-hook-registry v1.4.8
   Compiling crc v3.4.0
   Compiling zerofrom-derive v0.1.7
   Compiling tokio-macros v2.7.0
   Compiling bitvec v1.1.1
   Compiling darling_macro v0.23.0
   Compiling mio v1.2.2
   Compiling socket2 v0.6.5
   Compiling darling v0.23.0
   Compiling zerofrom v0.1.8
   Compiling tokio v1.52.3
   Compiling yoke-derive v0.8.2
   Compiling nonmax v0.5.5
   Compiling alloy-primitives v1.7.2
   Compiling stable_deref_trait v1.2.1
   Compiling rand_chacha v0.3.1
   Compiling zerovec-derive v0.11.3
   Compiling rand v0.8.7
   Compiling serde_with_macros v3.21.0
   Compiling rayon v1.12.0
   Compiling enum-ordinalize-derive v4.4.1
   Compiling secp256k1-sys v0.10.1
   Compiling yoke v0.8.3
   Compiling enum-ordinalize v4.4.1
   Compiling serde_with v3.21.0
   Compiling ark-std v0.6.0
   Compiling nybbles v0.4.8
   Compiling displaydoc v0.2.6
   Compiling ark-serialize-derive v0.6.0
   Compiling zstd-sys v2.0.16+zstd.1.5.7
   Compiling quanta v0.12.6
   Compiling ark-ff-asm v0.6.0
   Compiling ark-serialize v0.6.0
   Compiling futures-channel v0.3.32
   Compiling alloy-tx-macros v2.4.1
   Compiling futures-macro v0.3.32
   Compiling zerovec v0.11.6
   Compiling ark-ff-macros v0.6.0
   Compiling alloy-eip7928 v0.4.8
   Compiling alloy-eip2930 v0.2.3
   Compiling revm-primitives v42.0.0
   Compiling revm-bytecode v42.0.0
   Compiling alloy-eip2124 v0.2.0
   Compiling alloy-serde v2.4.1
   Compiling revm-state v42.0.0
   Compiling educe v0.6.0
   Compiling alloy-trie v0.9.5
   Compiling revm-database-interface v42.0.0
   Compiling heck v0.5.0
   Compiling futures-task v0.3.32
   Compiling futures-io v0.3.32
   Compiling zstd-safe v7.2.4
   Compiling slab v0.4.12
   Compiling futures-util v0.3.32
   Compiling itertools v0.14.0
   Compiling percent-encoding v2.3.2
   Compiling ark-ff v0.6.0
   Compiling alloy-eip7702 v0.6.3
   Compiling writeable v0.6.3
   Compiling alloy-eips v2.4.1
   Compiling tinystr v0.8.3
   Compiling litemap v0.8.2
   Compiling potential_utf v0.1.5
   Compiling revm-context-interface v42.0.0
   Compiling zerotrie v0.2.4
   Compiling num-iter v0.1.46
   Compiling num-complex v0.4.6
   Compiling c-kzg v2.1.8 (/Users/hiroyusai/src/sworn/spikes/zone-spf/vendor/c-kzg)
   Compiling hex v0.4.3
   Compiling icu_locale_core v2.2.0
   Compiling icu_normalizer_data v2.2.0
   Compiling utf8_iter v1.0.4
   Compiling icu_properties_data v2.2.0
   Compiling icu_collections v2.2.0
   Compiling icu_provider v2.2.0
   Compiling num v0.4.3
   Compiling primeorder v0.13.6
   Compiling aurora-engine-modexp v1.2.0
   Compiling p256 v0.13.2
   Compiling ripemd v0.2.0
   Compiling derive-where v1.6.1
   Compiling icu_normalizer v2.2.0
   Compiling revm-interpreter v42.0.0
   Compiling icu_properties v2.2.0
   Compiling form_urlencoded v1.2.2
   Compiling konst_macro_rules v0.2.19
   Compiling parity-scale-codec v3.7.5
   Compiling alloy-sol-type-parser v1.7.2
   Compiling konst v0.2.20
   Compiling revm-context v42.0.0
   Compiling toml_parser v1.1.2+spec-1.1.0
   Compiling const_format_proc_macros v0.2.34
   Compiling idna_adapter v1.2.2
   Compiling idna v1.1.0
   Compiling secp256k1 v0.30.0
   Compiling alloy-json-abi v1.7.2
   Compiling revm-database v42.0.0
   Compiling modular-bitfield-impl v0.13.1
   Compiling alloy-consensus v2.4.1
   Compiling const_format v0.2.36
   Compiling impl-trait-for-tuples v0.2.3
   Compiling macro-string v0.2.0
   Compiling syn-solidity v1.7.2
   Compiling proc-macro-error-attr3 v3.0.1
   Compiling ark-poly v0.6.0
   Compiling siphasher v1.0.3
   Compiling toml_datetime v1.1.1+spec-1.1.0
   Compiling byte-slice-cast v1.2.3
   Compiling static_assertions v1.1.0
   Compiling toml_edit v0.25.13+spec-1.1.0
   Compiling modular-bitfield v0.13.1
   Compiling phf_shared v0.14.0
   Compiling proc-macro-error3 v3.0.1
   Compiling url v2.5.8
   Compiling alloy-genesis v2.4.1
   Compiling reth-codecs-derive v0.6.0
   Compiling ark-ec v0.6.0
   Compiling alloy-sol-macro-input v1.7.2
   Compiling num_enum_derive v0.7.6
   Compiling alloy-sol-macro-expander v1.7.2
   Compiling proc-macro-crate v3.5.0
   Compiling phf v0.14.0
   Compiling byteorder v1.5.0
   Compiling http v1.4.2
   Compiling serde_spanned v1.1.1
   Compiling num_enum v0.7.6
   Compiling toml_datetime v0.7.5+spec-1.1.0
   Compiling toml_writer v1.1.2+spec-1.1.0
   Compiling alloy-chains v0.2.36
   Compiling commonware-macros-impl v2026.7.1
   Compiling dyn-clone v1.0.20
   Compiling ark-bls12-381 v0.6.0
   Compiling ark-bn254 v0.6.0
   Compiling winnow v0.7.15
   Compiling alloy-hardforks v0.4.8
   Compiling revm-precompile v42.0.1
   Compiling http-body v1.1.0
   Compiling futures-executor v0.3.32
   Compiling tokio-util v0.7.18
   Compiling ff v0.14.0
   Compiling alloy-sol-macro v1.7.2
   Compiling cpubits v0.1.1
   Compiling tokio-stream v0.1.18
   Compiling crypto-bigint v0.7.5
   Compiling der v0.8.1
   Compiling toml v0.9.12+spec-1.1.0
   Compiling tower-service v0.3.3
   Compiling httparse v1.10.1
   Compiling alloy-sol-types v1.7.2
   Compiling group v0.14.0
   Compiling sync_wrapper v1.0.2
   Compiling cmake v0.1.58
   Compiling semver v1.0.28
   Compiling revm-handler v42.0.1
   Compiling base16ct v1.0.0
   Compiling fs_extra v1.3.0
   Compiling tower-layer v0.3.3
   Compiling try-lock v0.2.5
   Compiling revm-inspector v42.0.1
   Compiling want v0.3.1
   Compiling aws-lc-sys v0.45.0
   Compiling sec1 v0.8.1
   Compiling revm v42.0.1
   Compiling rustc_version v0.4.1
   Compiling rand_core v0.9.5
   Compiling chacha20 v0.10.1
   Compiling base64 v0.22.1
   Compiling hashbrown v0.14.5
   Compiling anyhow v1.0.103
   Compiling httpdate v1.0.3
   Compiling commonware-macros v2026.7.1
   Compiling regex-syntax v0.8.11
   Compiling atomic-waker v1.1.2
   Compiling alloy-evm v0.38.0
   Compiling hyper v1.10.1
   Compiling dashmap v6.2.1
   Compiling rand v0.10.2
   Compiling curve25519-dalek v5.0.0
   Compiling elliptic-curve v0.14.1
   Compiling rand_chacha v0.9.0
   Compiling regex-automata v0.4.15
   Compiling tower v0.5.3
   Compiling futures v0.3.32
   Compiling http-body-util v0.1.4
   Compiling commonware-codec-macros v2026.7.1
   Compiling opentelemetry v0.32.0
   Compiling hmac v0.13.0
   Compiling pin-project-internal v1.1.13
   Compiling hashbrown v0.16.1
   Compiling ipnet v2.12.0
   Compiling hyper-util v0.1.20
   Compiling pin-project v1.1.13
   Compiling commonware-codec v2026.7.1
   Compiling rfc6979 v0.6.0
   Compiling rand v0.9.5
   Compiling commonware-formatting v2026.7.1
   Compiling primefield v0.14.0
   Compiling spki v0.8.0
   Compiling wnaf v0.14.0
   Compiling signature v3.0.0
   Compiling blake3 v1.8.5
   Compiling aws-lc-rs v1.18.1
   Compiling ecdsa v0.17.0
   Compiling primeorder v0.14.0
   Compiling commonware-utils v2026.7.1
   Compiling prost-derive v0.14.4
   Compiling tower-http v0.6.11
   Compiling commonware-parallel v2026.7.1
   Compiling strum_macros v0.27.2
   Compiling half v2.7.1
   Compiling spin v0.10.1
   Compiling ciborium-io v0.2.2
   Compiling anstyle v1.0.14
   Compiling untrusted v0.7.1
   Compiling cmov v0.4.6
   Compiling plotters-backend v0.3.7
   Compiling lazy_static v1.5.0
   Compiling clap_lex v1.1.0
   Compiling constant_time_eq v0.4.2
   Compiling prost v0.14.4
   Compiling clap_builder v4.6.0
   Compiling plotters-svg v0.3.7
   Compiling sharded-slab v0.1.7
   Compiling ctutils v0.3.1
   Compiling crc-fast v1.10.0
   Compiling ciborium-ll v0.2.2
   Compiling commonware-math v2026.7.1
   Compiling reqwest v0.13.4
   Compiling x25519-dalek v3.0.0
   Compiling strum v0.27.2
   Compiling p256 v0.14.0
   Compiling opentelemetry_sdk v0.32.1
   Compiling matchers v0.2.0
   Compiling rand_chacha v0.10.0
   Compiling itertools v0.13.0
   Compiling tracing-serde v0.2.0
   Compiling async-trait v0.1.89
   Compiling objc2-core-foundation v0.3.2
   Compiling tracing-log v0.2.0
   Compiling thread_local v1.1.10
   Compiling ryu v1.0.23
   Compiling cast v0.3.0
   Compiling mime v0.3.17
   Compiling prometheus-client v0.24.1
   Compiling nu-ansi-term v0.50.3
   Compiling fixedbitset v0.5.7
   Compiling same-file v1.0.6
   Compiling walkdir v2.5.0
   Compiling opentelemetry-proto v0.32.0
   Compiling tracing-subscriber v0.3.23
   Compiling objc2-io-kit v0.3.2
   Compiling axum-core v0.5.6
   Compiling criterion-plot v0.6.0
   Compiling serde_urlencoded v0.7.1
   Compiling opentelemetry-http v0.32.0
   Compiling clap v4.6.1
   Compiling ciborium v0.2.2
   Compiling plotters v0.3.7
   Compiling regex v1.13.0
   Compiling tinytemplate v1.2.1
   Compiling fixed-map-derive v0.9.5
   Compiling prometheus-client-derive-encode v0.5.0
   Compiling spinning_top v0.3.0
   Compiling serde_path_to_error v0.1.20
   Compiling matchit v0.8.4
   Compiling nonzero_ext v0.3.0
   Compiling oorandom v11.1.5
   Compiling anes v0.1.6
   Compiling futures-timer v3.0.4
   Compiling dtoa v1.0.11
   Compiling web-time v1.1.0
   Compiling criterion v0.7.0
   Compiling governor v0.10.4
   Compiling axum v0.8.9
   Compiling tracing-opentelemetry v0.33.0
   Compiling fixed-map v0.9.5
   Compiling opentelemetry-otlp v0.32.0
   Compiling sysinfo v0.37.2
   Compiling commonware-runtime-macros v2026.7.1
   Compiling rustc-hash v2.1.3
   Compiling reth-ethereum-forks v2.5.1 (https://github.com/paradigmxyz/reth?rev=5f02aa3#5f02aa39)
   Compiling reth-network-peers v2.5.1 (https://github.com/paradigmxyz/reth?rev=5f02aa3#5f02aa39)
   Compiling crossbeam-queue v0.3.13
   Compiling rand_distr v0.6.0
   Compiling tempo-hardfork v1.11.0 (/Users/hiroyusai/src/sworn/spikes/zone-spf/tempo/crates/hardfork)
   Compiling zstd v0.13.3
   Compiling reth-zstd-compressors v0.6.0
   Compiling reth-codecs v0.6.0
   Compiling rapidhash v4.5.1
   Compiling bytemuck v1.25.1
   Compiling roaring v0.11.4
   Compiling eyre v0.6.12
   Compiling metrics v0.24.6
   Compiling tempo-contracts v1.11.0 (/Users/hiroyusai/src/sworn/spikes/zone-spf/tempo/crates/contracts)
   Compiling indenter v0.3.4
   Compiling alloy-rpc-types-engine v2.4.1
   Compiling reth-tokio-util v2.5.1 (https://github.com/paradigmxyz/reth?rev=5f02aa3#5f02aa39)
   Compiling alloy-core v1.6.0
   Compiling reth-primitives-traits v0.6.0 (/Users/hiroyusai/src/sworn/spikes/zone-spf/vendor/reth-primitives-traits)
   Compiling reth-prune-types v2.5.1 (https://github.com/paradigmxyz/reth?rev=5f02aa3#5f02aa39)
   Compiling reth-trie-common v2.5.1 (https://github.com/paradigmxyz/reth?rev=5f02aa3#5f02aa39)
   Compiling reth-ethereum-primitives v2.5.1 (https://github.com/paradigmxyz/reth?rev=5f02aa3#5f02aa39)
   Compiling reth-chainspec v2.5.1 (https://github.com/paradigmxyz/reth?rev=5f02aa3#5f02aa39)
   Compiling reth-db-models v2.5.1 (https://github.com/paradigmxyz/reth?rev=5f02aa3#5f02aa39)
   Compiling alloy v2.4.1
   Compiling inout v0.1.4
   Compiling cipher v0.4.4
   Compiling tempo-precompiles-macros v1.13.2 (/Users/hiroyusai/src/sworn/spikes/zone-spf/tempo/crates/precompiles-macros)
   Compiling universal-hash v0.5.1
   Compiling fixed-cache v0.1.10
   Compiling scoped-tls v1.0.1
   Compiling opaque-debug v0.3.1
   Compiling zone-primitives v0.3.1 (/Users/hiroyusai/src/sworn/spikes/zone-spf/zones/crates/primitives)
   Compiling ctr v0.9.2
   Compiling polyval v0.6.2
   Compiling aes v0.8.4
   Compiling ghash v0.5.1
   Compiling zone-hardfork v0.3.1 (/Users/hiroyusai/src/sworn/spikes/zone-spf/zones/crates/hardfork)
   Compiling aead v0.5.2
   Compiling slotmap v1.1.1
   Compiling aes-gcm v0.10.3
   Compiling tempo-zone-contracts v0.3.1 (/Users/hiroyusai/src/sworn/spikes/zone-spf/zones/crates/contracts)
   Compiling reth-stages-types v2.5.1 (https://github.com/paradigmxyz/reth?rev=5f02aa3#5f02aa39)
   Compiling reth-execution-types v2.5.1 (https://github.com/paradigmxyz/reth?rev=5f02aa3#5f02aa39)
   Compiling reth-static-file-types v2.5.1 (https://github.com/paradigmxyz/reth?rev=5f02aa3#5f02aa39)
   Compiling reth-consensus v2.5.1 (https://github.com/paradigmxyz/reth?rev=5f02aa3#5f02aa39)
   Compiling reth-storage-errors v2.5.1 (https://github.com/paradigmxyz/reth?rev=5f02aa3#5f02aa39)
   Compiling reth-consensus-common v2.5.1 (https://github.com/paradigmxyz/reth?rev=5f02aa3#5f02aa39)
   Compiling reth-ethereum-consensus v2.5.1 (https://github.com/paradigmxyz/reth?rev=5f02aa3#5f02aa39)
   Compiling reth-db-api v2.5.1 (https://github.com/paradigmxyz/reth?rev=5f02aa3#5f02aa39)
   Compiling reth-storage-api v2.5.1 (https://github.com/paradigmxyz/reth?rev=5f02aa3#5f02aa39)
   Compiling reth-execution-errors v2.5.1 (https://github.com/paradigmxyz/reth?rev=5f02aa3#5f02aa39)
   Compiling reth-evm v2.5.1 (https://github.com/paradigmxyz/reth?rev=5f02aa3#5f02aa39)
   Compiling reth-revm v2.5.1 (https://github.com/paradigmxyz/reth?rev=5f02aa3#5f02aa39)
   Compiling reth-evm-ethereum v2.5.1 (https://github.com/paradigmxyz/reth?rev=5f02aa3#5f02aa39)
   Compiling reth-trie-sparse v2.5.1 (https://github.com/paradigmxyz/reth?rev=5f02aa3#5f02aa39)
   Compiling commonware-cryptography v2026.7.1
   Compiling commonware-runtime v2026.7.1
   Compiling tempo-primitives v1.11.0 (/Users/hiroyusai/src/sworn/spikes/zone-spf/tempo/crates/primitives)
   Compiling commonware-stream v2026.7.1
   Compiling commonware-actor v2026.7.1
   Compiling commonware-storage v2026.7.1
   Compiling commonware-p2p v2026.7.1
   Compiling commonware-resolver v2026.7.1
   Compiling commonware-broadcast v2026.7.1
   Compiling commonware-coding v2026.7.1
   Compiling commonware-consensus v2026.7.1
   Compiling tempo-dkg-onchain-artifacts v1.13.2 (/Users/hiroyusai/src/sworn/spikes/zone-spf/tempo/crates/dkg-onchain-artifacts)
   Compiling tempo-chainspec v1.11.0 (/Users/hiroyusai/src/sworn/spikes/zone-spf/tempo/crates/chainspec)
   Compiling tempo-precompiles v1.13.2 (/Users/hiroyusai/src/sworn/spikes/zone-spf/tempo/crates/precompiles)
   Compiling zone-chainspec v0.3.1 (/Users/hiroyusai/src/sworn/spikes/zone-spf/zones/crates/chainspec)
   Compiling tempo-revm v1.13.2 (/Users/hiroyusai/src/sworn/spikes/zone-spf/tempo/crates/revm)
   Compiling zone-precompiles v0.3.1 (/Users/hiroyusai/src/sworn/spikes/zone-spf/zones/crates/precompiles)
   Compiling tempo-evm v1.13.2 (/Users/hiroyusai/src/sworn/spikes/zone-spf/tempo/crates/evm)
   Compiling zone-evm v0.3.1 (/Users/hiroyusai/src/sworn/spikes/zone-spf/zones/crates/evm)
warning: unused imports: `ConfigureEngineEvm`, `ExecutableTxIterator`, and `ExecutionCtxFor`
  --> /Users/hiroyusai/src/sworn/spikes/zone-spf/zones/crates/evm/src/lib.rs:35:5
   |
35 |     ConfigureEngineEvm, ConfigureEvm, EvmEnvFor, ExecutableTxIterator, ExecutionCtxFor,
   |     ^^^^^^^^^^^^^^^^^^                           ^^^^^^^^^^^^^^^^^^^^  ^^^^^^^^^^^^^^^
   |
   = note: `#[warn(unused_imports)]` (part of `#[warn(unused)]`) on by default

warning: unused import: `num::NonZeroU32`
  --> /Users/hiroyusai/src/sworn/spikes/zone-spf/zones/crates/evm/src/lib.rs:43:5
   |
43 |     num::NonZeroU32,
   |     ^^^^^^^^^^^^^^^

warning: `zone-evm` (lib) generated 2 warnings (run `cargo fix --lib -p zone-evm` to apply 2 suggestions)
   Compiling zone-spf v0.3.1 (/Users/hiroyusai/src/sworn/spikes/zone-spf/zones/crates/spf)
   Compiling sworn-zone-attest v0.1.0 (/Users/hiroyusai/src/sworn/spikes/zone-spf/attest)
   Compiling sworn-zone-host v0.1.0 (/Users/hiroyusai/src/sworn/spikes/zone-spf/host)
warning: unused import: `B256`
  --> src/main.rs:16:33
   |
16 | use alloy_primitives::{Address, B256, hex};
   |                                 ^^^^
   |
   = note: `#[warn(unused_imports)]` (part of `#[warn(unused)]`) on by default

warning: `sworn-zone-host` (bin "sworn-zone-host") generated 1 warning (run `cargo fix --bin "sworn-zone-host" -p sworn-zone-host` to apply 1 suggestion)
    Finished `release` profile [optimized] target(s) in 1m 27s
cargo build --release  506.26s user 45.83s system 633% cpu 1:27.19 total
EXIT 0
