native execute wall: 1.433792ms
{
  "args": {
    "anchorBlockHash": "0xede1657289f1c5db3968ddbc8b1c0c128930caac00c657cb4fbaf13342c65580",
    "anchorBlockNumber": 1,
    "expectedWithdrawalBatchIndex": 1,
    "nextBlockHash": "0x715ef0c9dce8776f2530f155a11246a3773572abc011c6c300842ea1c8311b7b",
    "nextDepositNumber": 0,
    "nextProcessedHash": "0x0000000000000000000000000000000000000000000000000000000000000000",
    "nextProcessedTokenCount": 0,
    "nextZoneHeight": 1,
    "prevBlockHash": "0x0000000000000000000000000000000000000000000000000000000000000000",
    "prevDepositNumber": 0,
    "prevProcessedHash": "0x0000000000000000000000000000000000000000000000000000000000000000",
    "prevProcessedTokenCount": 0,
    "tempoBlockNumber": 1,
    "withdrawalQueueHash": "0x0000000000000000000000000000000000000000000000000000000000000000",
    "zoneId": 1
  },
  "destinationChainId": 42431,
  "digest": "0x216c73be8f90490a1b6e1ea3b455583925d652ec90a43806ae51ff919987c92c",
  "genesisArtifactHash": "0xc530313e1cd71f75af94663e44474ae9a482499f08bdb8426a969418b0696402",
  "parentChainId": 1337,
  "publicValues": "0x6fa127679dd53cd8b71ca0ba6579645bc4104bec6c1a180c236d63c471680f31216c73be8f90490a1b6e1ea3b455583925d652ec90a43806ae51ff919987c92c",
  "typehash": "0x92642ea5ff5c47ad5a0c977fa87d5a0634b45661ad091c055f6905e7a51d8221",
  "verifier": "0x000000000000000000000000000000005a0e5a0e",
  "verifierConfig": "0x02",
  "verifierConfigHash": "0xf2ee15ea639b73fa3db9b34a245bdfa015c260c598b211bf05a1ecc4b3e3b4f2",
  "zoneGuestVersion": "0x6fa127679dd53cd8b71ca0ba6579645bc4104bec6c1a180c236d63c471680f31"
}
spf_replays_migrated_policy exit 0
