native execute wall: 1.552083ms
{
  "args": {
    "anchorBlockHash": "0x7cbcdea653b503006b0cc354828eb4d5aeb7e2a564c517d73bc2e26338f7ec4a",
    "anchorBlockNumber": 19,
    "expectedWithdrawalBatchIndex": 3,
    "nextBlockHash": "0xc517a760e574c22d2f3652fd1f0736607a934c3cf28ceb333a43c8bcdc0a8065",
    "nextDepositNumber": 2,
    "nextProcessedHash": "0x711526b5f9d498e1db43f2450d425aed7fc96ee04df19daaca2b7d7ba600cf54",
    "nextProcessedTokenCount": 3,
    "nextZoneHeight": 10,
    "prevBlockHash": "0x578542fc4b54cf044118ab97e1d535bd3b727f0be4bbe2100e6617815f5cb569",
    "prevDepositNumber": 1,
    "prevProcessedHash": "0x02c41e30f573a8ba2665e9391d1320e9702453a6bda50ae6a424afef0d8ff61c",
    "prevProcessedTokenCount": 0,
    "tempoBlockNumber": 19,
    "withdrawalQueueHash": "0x0000000000000000000000000000000000000000000000000000000000000000",
    "zoneId": 1
  },
  "destinationChainId": 42431,
  "digest": "0xf4977d85cccb6040a138d5fb089eff5194e66987ef2c9bb3a87b8ba45ae51cfa",
  "genesisArtifactHash": "0xd39aa765427c64ea95821bd5f93d44c89854b0f00fec0e21137421d04fb7c11e",
  "parentChainId": 1337,
  "publicValues": "0x6fa127679dd53cd8b71ca0ba6579645bc4104bec6c1a180c236d63c471680f31f4977d85cccb6040a138d5fb089eff5194e66987ef2c9bb3a87b8ba45ae51cfa",
  "typehash": "0x92642ea5ff5c47ad5a0c977fa87d5a0634b45661ad091c055f6905e7a51d8221",
  "verifier": "0x000000000000000000000000000000005a0e5a0e",
  "verifierConfig": "0x73776f726e2d7370312d67726f746831362d7631",
  "verifierConfigHash": "0xc405c6c7397b2e658a365c7a4e97b646114812fa0357d8f047caabd14012dd23",
  "zoneGuestVersion": "0x6fa127679dd53cd8b71ca0ba6579645bc4104bec6c1a180c236d63c471680f31"
}
