elf sha256: 62b72e9cb036910bb84814c5fc8b0a244bc5db5c167aa567f6e4565c7ed2d8e2
verifier: 0x000000000000000000000000000000005a0e5a0e  destinationChainId: 42431
client init wall: 12.020654916s
stderr: WARNING: Using insecure random number generator.
execute wall: 610.2975ms
cycles(total_instruction_count): 25531739
report: gas: 24614233
opcode counts (25531739 total instructions):
    5047005 xor
    2529549 or
    2469982 sll
    2376616 addi
    2153244 ld
    1901611 sd
    1788250 srl
    1739524 and
    1367440 lbu
    1354379 add
     446505 bne
     355657 beq
     329007 mul
     284558 sb
     278004 mulhu
     271239 sltu
     165139 bltu
     163483 jalr
     122565 auipc
      88527 sub
      80621 lui
      65791 bgeu
      45033 jal
      27744 subw
      18874 srlw
       8836 addw
       7558 slt
       7457 blt
       6746 lw
       6597 lhu
       6575 sw
       5897 lb
       4627 sh
       2228 sra
       1638 lwu
       1599 lh
       1550 bge
         59 sllw
         21 ecall
          4 divu
syscall counts (0 total syscall instructions):

publicValues match native host: PASS
setup wall: 3.283080834s
vkey(bytes32): 0x006c15314d326e27d72c1c1f83fd2bc0eaf5fb2053e2fe5b3e9415a2d037293d
stderr: WARNING: Using insecure random number generator.
Setting environment variables took 288.5µs
Reading R1CS took 11.691107625s
Reading proving key took 2.645612875s
Reading witness file took 2.421833ms
Deserializing JSON data took 30.15925ms
Generating witness took 361.288833ms
[90m10:31:21[0m DBG constraint system solver done [36mnbConstraints=[0m15972262 [36mtook=[0m4187.845375
[90m10:31:49[0m DBG prover done [36macceleration=[0mnone [36mbackend=[0mgroth16 [36mcurve=[0mbn254 [36mnbConstraints=[0m15972262 [36mtook=[0m28242.551167
Generating proof took 32.433015667s
[90m10:31:49[0m [33mWRN[0m [1mignoring uninitialized slice[0m [36mslice name=[0mVars [36mslice type=[0m[]frontend.Variable
[90m10:31:49[0m [33mWRN[0m [1mignoring uninitialized slice[0m [36mslice name=[0mVars [36mslice type=[0m[]frontend.Variable
[90m10:31:49[0m [33mWRN[0m [1mignoring uninitialized slice[0m [36mslice name=[0mVars [36mslice type=[0m[]frontend.Variable
[90m10:31:49[0m DBG verifier done [36mbackend=[0mgroth16 [36mcurve=[0mbn254 [36mtook=[0m1.088667
PROVE groth16 wall: 877.010636417s
proof pv match: true
verify ok (199.578792ms)
fixture written: /Users/hiroyusai/src/sworn/spikes/zone-spf/zin/prove-0x000000000000000000000000000000005a0e5a0e-42431/groth16.json
      894.07 real      5288.98 user       586.95 sys
         21741436928  maximum resident set size
                   0  average shared memory size
                   0  average unshared data size
                   0  average unshared stack size
            58316129  page reclaims
                 405  page faults
                   0  swaps
                   0  block input operations
                   0  block output operations
                   0  messages sent
                   0  messages received
               10887  signals received
             4566531  voluntary context switches
            25739042  involuntary context switches
      53922749399634  instructions retired
      18087451769131  cycles elapsed
         94924002400  peak memory footprint
EXIT 0
