elf sha256: 62b72e9cb036910bb84814c5fc8b0a244bc5db5c167aa567f6e4565c7ed2d8e2
verifier: 0x64bA9F6481aA06cCF505DA3Bd6d0dce6180A42De  destinationChainId: 42431
client init wall: 12.064422459s
stderr: WARNING: Using insecure random number generator.
execute wall: 611.417042ms
cycles(total_instruction_count): 25531739
report: gas: 24614233
opcode counts (25531739 total instructions):
    5047005 xor
    2529549 or
    2469982 sll
    2376616 addi
    2153244 ld
    1901611 sd
    1788250 srl
    1739524 and
    1367440 lbu
    1354379 add
     446505 bne
     355657 beq
     329007 mul
     284558 sb
     278004 mulhu
     271239 sltu
     165139 bltu
     163483 jalr
     122565 auipc
      88527 sub
      80621 lui
      65791 bgeu
      45033 jal
      27744 subw
      18874 srlw
       8836 addw
       7558 slt
       7457 blt
       6746 lw
       6597 lhu
       6575 sw
       5897 lb
       4627 sh
       2228 sra
       1638 lwu
       1599 lh
       1550 bge
         59 sllw
         21 ecall
          4 divu
syscall counts (0 total syscall instructions):

publicValues match native host: PASS
setup wall: 3.385553583s
vkey(bytes32): 0x006c15314d326e27d72c1c1f83fd2bc0eaf5fb2053e2fe5b3e9415a2d037293d
stderr: WARNING: Using insecure random number generator.
