client init wall: 13.497952s
stderr: WARNING: Using insecure random number generator.
execute wall: 562.4985ms
cycles(total_instruction_count): 23464458
report: gas: 22664391
opcode counts (23464458 total instructions):
    4947859 xor
    2456088 or
    2373177 sll
    2284880 addi
    1895735 ld
    1680969 sd
    1640904 srl
    1569661 and
    1453303 lbu
     916608 add
     446283 bne
     379936 beq
     289196 sb
     147529 bltu
     137304 jalr
     126581 mul
     111675 sltu
     107510 auipc
     106480 mulhu
      80339 lui
      68830 sub
      58635 bgeu
      45655 jal
      26904 subw
      17498 blt
      16374 addw
      14922 sra
      14471 srlw
       8590 lw
       7580 slt
       7563 sw
       5707 lhu
       4743 lb
       4333 sh
       3588 bge
       1571 lwu
       1504 lh
       1436 sllw
       1216 mulh
       1166 mulw
        118 sraw
         21 ecall
         16 divu
syscall counts (0 total syscall instructions):

publicValues match native host: PASS
setup wall: 3.512204041s
vkey(bytes32): 0x007ef7314d2624af811844d494aac02736de7a36ce6f5ef52345fcd0bdac5b39
$R $ELF zin/$c.bin execute  112.71s user 4.57s system 663% cpu 17.681 total
EXIT 0
