client init wall: 12.494680375s
stderr: WARNING: Using insecure random number generator.
execute wall: 483.449292ms
cycles(total_instruction_count): 19081958
report: gas: 18454274
opcode counts (19081958 total instructions):
    4133617 xor
    2031558 or
    1944137 sll
    1864219 addi
    1541954 ld
    1377039 sd
    1355244 srl
    1300728 and
    1171439 lbu
     641948 add
     368830 bne
     301806 beq
     236512 sb
     116386 jalr
     112090 bltu
      90207 auipc
      71459 mul
      65408 lui
      61961 sltu
      56332 sub
      55694 mulhu
      49770 bgeu
      37978 jal
      23734 subw
      12981 srlw
      12840 addw
       7516 slt
       5507 blt
       5408 lw
       5244 sw
       5157 lhu
       4010 lb
       3948 sh
       2229 bge
       2083 sra
       1380 lh
       1376 sllw
        924 lwu
        608 mulh
        606 mulw
         62 sraw
         21 ecall
          8 divu
syscall counts (0 total syscall instructions):

publicValues match native host: PASS
setup wall: 3.380120583s
vkey(bytes32): 0x007ef7314d2624af811844d494aac02736de7a36ce6f5ef52345fcd0bdac5b39
$R $ELF zin/$c.bin execute  113.09s user 4.62s system 715% cpu 16.446 total
EXIT 0
