client init wall: 12.962722166s
stderr: WARNING: Using insecure random number generator.
execute wall: 624.292958ms
cycles(total_instruction_count): 25536122
report: gas: 24614695
opcode counts (25536122 total instructions):
    5047171 xor
    2529804 or
    2470637 sll
    2377078 addi
    2153408 ld
    1901544 sd
    1788617 srl
    1739869 and
    1367676 lbu
    1355088 add
     446619 bne
     355808 beq
     329092 mul
     284627 sb
     278004 mulhu
     271233 sltu
     165185 bltu
     163459 jalr
     122662 auipc
      88665 sub
      80931 lui
      65771 bgeu
      45090 jal
      27818 subw
      18870 srlw
       8838 addw
       7558 slt
       7457 blt
       6747 lw
       6597 lhu
       6576 sw
       5897 lb
       4627 sh
       2228 sra
       1638 lwu
       1599 lh
       1550 bge
         59 sllw
         21 ecall
          4 divu
syscall counts (0 total syscall instructions):

publicValues match native host: PASS
setup wall: 3.50854725s
vkey(bytes32): 0x007ef7314d2624af811844d494aac02736de7a36ce6f5ef52345fcd0bdac5b39
$R $ELF zin/$c.bin execute  112.97s user 4.87s system 678% cpu 17.356 total
EXIT 0
